
> react-kavia@0.1.0 start
> react-scripts start

Attempting to bind to HOST environment variable: 0.0.0.0
If this was unintentional, check that you haven't mistakenly set it in your shell.
Learn more here: https://cra.link/advanced-config

(node:9771) [DEP_WEBPACK_DEV_SERVER_ON_AFTER_SETUP_MIDDLEWARE] DeprecationWarning: 'onAfterSetupMiddleware' option is deprecated. Please use the 'setupMiddlewares' option.
(Use `node --trace-deprecation ...` to show where the warning was created)
(node:9771) [DEP_WEBPACK_DEV_SERVER_ON_BEFORE_SETUP_MIDDLEWARE] DeprecationWarning: 'onBeforeSetupMiddleware' option is deprecated. Please use the 'setupMiddlewares' option.
Starting the development server...

Compiled successfully!

You can now view react-kavia in the browser.

  Local:            http://localhost:3000
  On Your Network:  http://172.17.0.2:3000

Note that the development build is not optimized.
To create a production build, use npm run build.

webpack compiled successfully
Compiling...
Failed to compile.

Module not found: Error: Can't resolve './RecipeCards.css' in '/home/kavia/workspace/code-generation/recipehub-106052-bbdaea69/frontend_app/src'
ERROR in ./src/App.js 7:0-27
Module not found: Error: Can't resolve './RecipeCards.css' in '/home/kavia/workspace/code-generation/recipehub-106052-bbdaea69/frontend_app/src'

ERROR in ./src/App.js 13:21-87
Module not found: Error: Can't resolve './assets/20250704_094659_Ratatouille-recipe-500x500.jpg' in '/home/kavia/workspace/code-generation/recipehub-106052-bbdaea69/frontend_app/src'

ERROR in ./src/App.js 14:15-219
Module not found: Error: Can't resolve './assets/20250704_094700_opt__aboutcom__coeus__resources__content_migration__serious_eats__seriouseats.com__recipes__images__2016__09__20160926-shakshuka-17-a2b1d35f5ce146d1b8f5e2851e73b487.jpg' in '/home/kavia/workspace/code-generation/recipehub-106052-bbdaea69/frontend_app/src'

ERROR in ./src/App.js 15:24-107
Module not found: Error: Can't resolve './assets/20250704_094701_garlic-steak-bites-potatoes-recipe-3-edited.jpg' in '/home/kavia/workspace/code-generation/recipehub-106052-bbdaea69/frontend_app/src'

ERROR in ./src/App.js 16:15-67
Module not found: Error: Can't resolve './assets/20250704_094701_meatballs-21.jpg' in '/home/kavia/workspace/code-generation/recipehub-106052-bbdaea69/frontend_app/src'

ERROR in ./src/App.js 17:26-98
Module not found: Error: Can't resolve './assets/20250704_094702_30-Minute-Honey-Garlic-Chicken-1.jpg' in '/home/kavia/workspace/code-generation/recipehub-106052-bbdaea69/frontend_app/src'

ERROR in ./src/App.js 18:22-244
Module not found: Error: Can't resolve './assets/20250704_094703_opt__aboutcom__coeus__resources__content_migration__serious_eats__seriouseats.com__recipes__images__2016__05__20160520-japanese-turnips-vicky-wasik-8-be3cea98515349f1a0fd4e713a109ed2.jpg' in '/home/kavia/workspace/code-generation/recipehub-106052-bbdaea69/frontend_app/src'

ERROR in ./src/App.js 19:20-118
Module not found: Error: Can't resolve './assets/20250704_094704_k_Photo_Recipes_2024-11-rigatoni-pasta_rigatoni-pasta-098.jpeg' in '/home/kavia/workspace/code-generation/recipehub-106052-bbdaea69/frontend_app/src'

ERROR in ./src/App.js 20:13-67
Module not found: Error: Can't resolve './assets/20250704_094705_Ceviche-Recipe.jpg' in '/home/kavia/workspace/code-generation/recipehub-106052-bbdaea69/frontend_app/src'

ERROR in ./src/App.js 21:28-120
Module not found: Error: Can't resolve './assets/20250704_094706_easy-dinner-recipes-no-cooking-the-everygirl-feature.jpg' in '/home/kavia/workspace/code-generation/recipehub-106052-bbdaea69/frontend_app/src'

ERROR in ./src/App.js 22:14-70
Module not found: Error: Can't resolve './assets/20250704_094707_Dum-Aloo-e163632.jpg' in '/home/kavia/workspace/code-generation/recipehub-106052-bbdaea69/frontend_app/src'

ERROR in ./src/App.js 23:16-74
Module not found: Error: Can't resolve './assets/20250704_094708_Cowboy-pie-cef67be.jpg' in '/home/kavia/workspace/code-generation/recipehub-106052-bbdaea69/frontend_app/src'

ERROR in ./src/App.js 24:22-85
Module not found: Error: Can't resolve './assets/20250704_094709_American-Goulash-Recipe.jpg' in '/home/kavia/workspace/code-generation/recipehub-106052-bbdaea69/frontend_app/src'

ERROR in ./src/App.js 25:20-146
Module not found: Error: Can't resolve './assets/20250704_094710_AR-141169-Easy-Indian-Butter-Chicken-DDMFS-4x3-beauty-588ff54d1e0f4a0788906e851e27d540.jpg' in '/home/kavia/workspace/code-generation/recipehub-106052-bbdaea69/frontend_app/src'

ERROR in ./src/App.js 26:12-86
Module not found: Error: Can't resolve './assets/20250704_094712_ND-Pakorarex-clfq-mediumSquareAt3X.jpg' in '/home/kavia/workspace/code-generation/recipehub-106052-bbdaea69/frontend_app/src'

ERROR in ./src/App.js 27:13-84
Module not found: Error: Can't resolve './assets/20250704_094714_10Felafel-wqbp-mediumSquareAt3X.jpg' in '/home/kavia/workspace/code-generation/recipehub-106052-bbdaea69/frontend_app/src'

ERROR in ./src/App.js 28:24-97
Module not found: Error: Can't resolve './assets/20250704_094715_photo-1490645935967-10de6ba17061.jpeg' in '/home/kavia/workspace/code-generation/recipehub-106052-bbdaea69/frontend_app/src'

ERROR in ./src/App.js 29:16-74
Module not found: Error: Can't resolve './assets/20250704_094716_Fish-Tacos-1337495.jpg' in '/home/kavia/workspace/code-generation/recipehub-106052-bbdaea69/frontend_app/src'

ERROR in ./src/App.js 30:17-138
Module not found: Error: Can't resolve './assets/20250704_094717_Simply-Recipes-Homemade-Pizza-Dough-Lead-Shot-1c-c2b1885d27d4481c9cfe6f6286a64342.jpg' in '/home/kavia/workspace/code-generation/recipehub-106052-bbdaea69/frontend_app/src'

ERROR in ./src/App.js 31:26-148
Module not found: Error: Can't resolve './assets/20250704_094718_2400-240708-broccoli-and-chicken-stir-fry-3x4-186-b7f290a400134ae9910f2e67ff50d9f2.jpg' in '/home/kavia/workspace/code-generation/recipehub-106052-bbdaea69/frontend_app/src'

ERROR in ./src/App.js 32:17-68
Module not found: Error: Can't resolve './assets/20250704_094718_ratatouille.jpg' in '/home/kavia/workspace/code-generation/recipehub-106052-bbdaea69/frontend_app/src'

ERROR in ./src/App.js 33:20-118
Module not found: Error: Can't resolve './assets/20250704_094719_chickpea-curry-chhole-1x1-41ea4d53c7df4fddabd83caa5b57718e.jpg' in '/home/kavia/workspace/code-generation/recipehub-106052-bbdaea69/frontend_app/src'

ERROR in ./src/App.js 34:19-143
Module not found: Error: Can't resolve './assets/20250704_094720_FAW-recipes-pasta-sausage-basil-and-mustard-hero-06-cfd1c0a2989e474ea7e574a38182bbee.jpg' in '/home/kavia/workspace/code-generation/recipehub-106052-bbdaea69/frontend_app/src'

ERROR in ./src/App.js 35:21-107
Module not found: Error: Can't resolve './assets/20250704_094721_chorizo-mozarella-gnocchi-bake-cropped-9ab73a3.jpg' in '/home/kavia/workspace/code-generation/recipehub-106052-bbdaea69/frontend_app/src'

ERROR in ./src/App.js 36:27-88
Module not found: Error: Can't resolve './assets/20250704_094721_Berry_Smoothie_Bowl_2.jpg' in '/home/kavia/workspace/code-generation/recipehub-106052-bbdaea69/frontend_app/src'

ERROR in ./src/App.js 37:22-78
Module not found: Error: Can't resolve './assets/20250704_094722_Vegetarian_Pizza.jpg' in '/home/kavia/workspace/code-generation/recipehub-106052-bbdaea69/frontend_app/src'

ERROR in ./src/App.js 38:21-76
Module not found: Error: Can't resolve './assets/20250704_094722_Salmon_Teriyaki.jpg' in '/home/kavia/workspace/code-generation/recipehub-106052-bbdaea69/frontend_app/src'

ERROR in ./src/App.js 39:25-84
Module not found: Error: Can't resolve './assets/20250704_094723_Berry_Smoothie_Bowl.jpg' in '/home/kavia/workspace/code-generation/recipehub-106052-bbdaea69/frontend_app/src'

ERROR in ./src/App.js 40:21-76
Module not found: Error: Can't resolve './assets/20250704_094724_Vegetable_Curry.jpg' in '/home/kavia/workspace/code-generation/recipehub-106052-bbdaea69/frontend_app/src'

ERROR in ./src/App.js 41:22-78
Module not found: Error: Can't resolve './assets/20250704_094724_Margherita_Pizza.jpg' in '/home/kavia/workspace/code-generation/recipehub-106052-bbdaea69/frontend_app/src'

ERROR in ./src/App.js 42:20-74
Module not found: Error: Can't resolve './assets/20250704_094725_Chocolate_Cake.jpg' in '/home/kavia/workspace/code-generation/recipehub-106052-bbdaea69/frontend_app/src'

ERROR in ./src/App.js 43:22-78
Module not found: Error: Can't resolve './assets/20250704_094726_Chicken_Stir_Fry.jpg' in '/home/kavia/workspace/code-generation/recipehub-106052-bbdaea69/frontend_app/src'

ERROR in ./src/App.js 44:25-84
Module not found: Error: Can't resolve './assets/20250704_094726_Spaghetti_Carbonara.jpg' in '/home/kavia/workspace/code-generation/recipehub-106052-bbdaea69/frontend_app/src'

webpack compiled with 33 errors
Compiling...
Failed to compile.

Module not found: Error: Can't resolve './assets/20250704_094659_Ratatouille-recipe-500x500.jpg' in '/home/kavia/workspace/code-generation/recipehub-106052-bbdaea69/frontend_app/src'
ERROR in ./src/App.js 13:21-87
Module not found: Error: Can't resolve './assets/20250704_094659_Ratatouille-recipe-500x500.jpg' in '/home/kavia/workspace/code-generation/recipehub-106052-bbdaea69/frontend_app/src'

ERROR in ./src/App.js 14:15-219
Module not found: Error: Can't resolve './assets/20250704_094700_opt__aboutcom__coeus__resources__content_migration__serious_eats__seriouseats.com__recipes__images__2016__09__20160926-shakshuka-17-a2b1d35f5ce146d1b8f5e2851e73b487.jpg' in '/home/kavia/workspace/code-generation/recipehub-106052-bbdaea69/frontend_app/src'

ERROR in ./src/App.js 15:24-107
Module not found: Error: Can't resolve './assets/20250704_094701_garlic-steak-bites-potatoes-recipe-3-edited.jpg' in '/home/kavia/workspace/code-generation/recipehub-106052-bbdaea69/frontend_app/src'

ERROR in ./src/App.js 16:15-67
Module not found: Error: Can't resolve './assets/20250704_094701_meatballs-21.jpg' in '/home/kavia/workspace/code-generation/recipehub-106052-bbdaea69/frontend_app/src'

ERROR in ./src/App.js 17:26-98
Module not found: Error: Can't resolve './assets/20250704_094702_30-Minute-Honey-Garlic-Chicken-1.jpg' in '/home/kavia/workspace/code-generation/recipehub-106052-bbdaea69/frontend_app/src'

ERROR in ./src/App.js 18:22-244
Module not found: Error: Can't resolve './assets/20250704_094703_opt__aboutcom__coeus__resources__content_migration__serious_eats__seriouseats.com__recipes__images__2016__05__20160520-japanese-turnips-vicky-wasik-8-be3cea98515349f1a0fd4e713a109ed2.jpg' in '/home/kavia/workspace/code-generation/recipehub-106052-bbdaea69/frontend_app/src'

ERROR in ./src/App.js 19:20-118
Module not found: Error: Can't resolve './assets/20250704_094704_k_Photo_Recipes_2024-11-rigatoni-pasta_rigatoni-pasta-098.jpeg' in '/home/kavia/workspace/code-generation/recipehub-106052-bbdaea69/frontend_app/src'

ERROR in ./src/App.js 20:13-67
Module not found: Error: Can't resolve './assets/20250704_094705_Ceviche-Recipe.jpg' in '/home/kavia/workspace/code-generation/recipehub-106052-bbdaea69/frontend_app/src'

ERROR in ./src/App.js 21:28-120
Module not found: Error: Can't resolve './assets/20250704_094706_easy-dinner-recipes-no-cooking-the-everygirl-feature.jpg' in '/home/kavia/workspace/code-generation/recipehub-106052-bbdaea69/frontend_app/src'

ERROR in ./src/App.js 22:14-70
Module not found: Error: Can't resolve './assets/20250704_094707_Dum-Aloo-e163632.jpg' in '/home/kavia/workspace/code-generation/recipehub-106052-bbdaea69/frontend_app/src'

ERROR in ./src/App.js 23:16-74
Module not found: Error: Can't resolve './assets/20250704_094708_Cowboy-pie-cef67be.jpg' in '/home/kavia/workspace/code-generation/recipehub-106052-bbdaea69/frontend_app/src'

ERROR in ./src/App.js 24:22-85
Module not found: Error: Can't resolve './assets/20250704_094709_American-Goulash-Recipe.jpg' in '/home/kavia/workspace/code-generation/recipehub-106052-bbdaea69/frontend_app/src'

ERROR in ./src/App.js 25:20-146
Module not found: Error: Can't resolve './assets/20250704_094710_AR-141169-Easy-Indian-Butter-Chicken-DDMFS-4x3-beauty-588ff54d1e0f4a0788906e851e27d540.jpg' in '/home/kavia/workspace/code-generation/recipehub-106052-bbdaea69/frontend_app/src'

ERROR in ./src/App.js 26:12-86
Module not found: Error: Can't resolve './assets/20250704_094712_ND-Pakorarex-clfq-mediumSquareAt3X.jpg' in '/home/kavia/workspace/code-generation/recipehub-106052-bbdaea69/frontend_app/src'

ERROR in ./src/App.js 27:13-84
Module not found: Error: Can't resolve './assets/20250704_094714_10Felafel-wqbp-mediumSquareAt3X.jpg' in '/home/kavia/workspace/code-generation/recipehub-106052-bbdaea69/frontend_app/src'

ERROR in ./src/App.js 28:24-97
Module not found: Error: Can't resolve './assets/20250704_094715_photo-1490645935967-10de6ba17061.jpeg' in '/home/kavia/workspace/code-generation/recipehub-106052-bbdaea69/frontend_app/src'

ERROR in ./src/App.js 29:16-74
Module not found: Error: Can't resolve './assets/20250704_094716_Fish-Tacos-1337495.jpg' in '/home/kavia/workspace/code-generation/recipehub-106052-bbdaea69/frontend_app/src'

ERROR in ./src/App.js 30:17-138
Module not found: Error: Can't resolve './assets/20250704_094717_Simply-Recipes-Homemade-Pizza-Dough-Lead-Shot-1c-c2b1885d27d4481c9cfe6f6286a64342.jpg' in '/home/kavia/workspace/code-generation/recipehub-106052-bbdaea69/frontend_app/src'

ERROR in ./src/App.js 31:26-148
Module not found: Error: Can't resolve './assets/20250704_094718_2400-240708-broccoli-and-chicken-stir-fry-3x4-186-b7f290a400134ae9910f2e67ff50d9f2.jpg' in '/home/kavia/workspace/code-generation/recipehub-106052-bbdaea69/frontend_app/src'

ERROR in ./src/App.js 32:17-68
Module not found: Error: Can't resolve './assets/20250704_094718_ratatouille.jpg' in '/home/kavia/workspace/code-generation/recipehub-106052-bbdaea69/frontend_app/src'

ERROR in ./src/App.js 33:20-118
Module not found: Error: Can't resolve './assets/20250704_094719_chickpea-curry-chhole-1x1-41ea4d53c7df4fddabd83caa5b57718e.jpg' in '/home/kavia/workspace/code-generation/recipehub-106052-bbdaea69/frontend_app/src'

ERROR in ./src/App.js 34:19-143
Module not found: Error: Can't resolve './assets/20250704_094720_FAW-recipes-pasta-sausage-basil-and-mustard-hero-06-cfd1c0a2989e474ea7e574a38182bbee.jpg' in '/home/kavia/workspace/code-generation/recipehub-106052-bbdaea69/frontend_app/src'

ERROR in ./src/App.js 35:21-107
Module not found: Error: Can't resolve './assets/20250704_094721_chorizo-mozarella-gnocchi-bake-cropped-9ab73a3.jpg' in '/home/kavia/workspace/code-generation/recipehub-106052-bbdaea69/frontend_app/src'

ERROR in ./src/App.js 36:27-88
Module not found: Error: Can't resolve './assets/20250704_094721_Berry_Smoothie_Bowl_2.jpg' in '/home/kavia/workspace/code-generation/recipehub-106052-bbdaea69/frontend_app/src'

ERROR in ./src/App.js 37:22-78
Module not found: Error: Can't resolve './assets/20250704_094722_Vegetarian_Pizza.jpg' in '/home/kavia/workspace/code-generation/recipehub-106052-bbdaea69/frontend_app/src'

ERROR in ./src/App.js 38:21-76
Module not found: Error: Can't resolve './assets/20250704_094722_Salmon_Teriyaki.jpg' in '/home/kavia/workspace/code-generation/recipehub-106052-bbdaea69/frontend_app/src'

ERROR in ./src/App.js 39:25-84
Module not found: Error: Can't resolve './assets/20250704_094723_Berry_Smoothie_Bowl.jpg' in '/home/kavia/workspace/code-generation/recipehub-106052-bbdaea69/frontend_app/src'

ERROR in ./src/App.js 40:21-76
Module not found: Error: Can't resolve './assets/20250704_094724_Vegetable_Curry.jpg' in '/home/kavia/workspace/code-generation/recipehub-106052-bbdaea69/frontend_app/src'

ERROR in ./src/App.js 41:22-78
Module not found: Error: Can't resolve './assets/20250704_094724_Margherita_Pizza.jpg' in '/home/kavia/workspace/code-generation/recipehub-106052-bbdaea69/frontend_app/src'

ERROR in ./src/App.js 42:20-74
Module not found: Error: Can't resolve './assets/20250704_094725_Chocolate_Cake.jpg' in '/home/kavia/workspace/code-generation/recipehub-106052-bbdaea69/frontend_app/src'

ERROR in ./src/App.js 43:22-78
Module not found: Error: Can't resolve './assets/20250704_094726_Chicken_Stir_Fry.jpg' in '/home/kavia/workspace/code-generation/recipehub-106052-bbdaea69/frontend_app/src'

ERROR in ./src/App.js 44:25-84
Module not found: Error: Can't resolve './assets/20250704_094726_Spaghetti_Carbonara.jpg' in '/home/kavia/workspace/code-generation/recipehub-106052-bbdaea69/frontend_app/src'

webpack compiled with 32 errors
Compiling...
Failed to compile.

Module not found: Error: Can't resolve './assets/20250704_094700_opt__aboutcom__coeus__resources__content_migration__serious_eats__seriouseats.com__recipes__images__2016__09__20160926-shakshuka-17-a2b1d35f5ce146d1b8f5e2851e73b487.jpg' in '/home/kavia/workspace/code-generation/recipehub-106052-bbdaea69/frontend_app/src'
ERROR in ./src/App.js 14:15-219
Module not found: Error: Can't resolve './assets/20250704_094700_opt__aboutcom__coeus__resources__content_migration__serious_eats__seriouseats.com__recipes__images__2016__09__20160926-shakshuka-17-a2b1d35f5ce146d1b8f5e2851e73b487.jpg' in '/home/kavia/workspace/code-generation/recipehub-106052-bbdaea69/frontend_app/src'

ERROR in ./src/App.js 15:24-107
Module not found: Error: Can't resolve './assets/20250704_094701_garlic-steak-bites-potatoes-recipe-3-edited.jpg' in '/home/kavia/workspace/code-generation/recipehub-106052-bbdaea69/frontend_app/src'

ERROR in ./src/App.js 16:15-67
Module not found: Error: Can't resolve './assets/20250704_094701_meatballs-21.jpg' in '/home/kavia/workspace/code-generation/recipehub-106052-bbdaea69/frontend_app/src'

ERROR in ./src/App.js 17:26-98
Module not found: Error: Can't resolve './assets/20250704_094702_30-Minute-Honey-Garlic-Chicken-1.jpg' in '/home/kavia/workspace/code-generation/recipehub-106052-bbdaea69/frontend_app/src'

ERROR in ./src/App.js 18:22-244
Module not found: Error: Can't resolve './assets/20250704_094703_opt__aboutcom__coeus__resources__content_migration__serious_eats__seriouseats.com__recipes__images__2016__05__20160520-japanese-turnips-vicky-wasik-8-be3cea98515349f1a0fd4e713a109ed2.jpg' in '/home/kavia/workspace/code-generation/recipehub-106052-bbdaea69/frontend_app/src'

ERROR in ./src/App.js 19:20-118
Module not found: Error: Can't resolve './assets/20250704_094704_k_Photo_Recipes_2024-11-rigatoni-pasta_rigatoni-pasta-098.jpeg' in '/home/kavia/workspace/code-generation/recipehub-106052-bbdaea69/frontend_app/src'

ERROR in ./src/App.js 20:13-67
Module not found: Error: Can't resolve './assets/20250704_094705_Ceviche-Recipe.jpg' in '/home/kavia/workspace/code-generation/recipehub-106052-bbdaea69/frontend_app/src'

ERROR in ./src/App.js 21:28-120
Module not found: Error: Can't resolve './assets/20250704_094706_easy-dinner-recipes-no-cooking-the-everygirl-feature.jpg' in '/home/kavia/workspace/code-generation/recipehub-106052-bbdaea69/frontend_app/src'

ERROR in ./src/App.js 22:14-70
Module not found: Error: Can't resolve './assets/20250704_094707_Dum-Aloo-e163632.jpg' in '/home/kavia/workspace/code-generation/recipehub-106052-bbdaea69/frontend_app/src'

ERROR in ./src/App.js 23:16-74
Module not found: Error: Can't resolve './assets/20250704_094708_Cowboy-pie-cef67be.jpg' in '/home/kavia/workspace/code-generation/recipehub-106052-bbdaea69/frontend_app/src'

ERROR in ./src/App.js 24:22-85
Module not found: Error: Can't resolve './assets/20250704_094709_American-Goulash-Recipe.jpg' in '/home/kavia/workspace/code-generation/recipehub-106052-bbdaea69/frontend_app/src'

ERROR in ./src/App.js 25:20-146
Module not found: Error: Can't resolve './assets/20250704_094710_AR-141169-Easy-Indian-Butter-Chicken-DDMFS-4x3-beauty-588ff54d1e0f4a0788906e851e27d540.jpg' in '/home/kavia/workspace/code-generation/recipehub-106052-bbdaea69/frontend_app/src'

ERROR in ./src/App.js 26:12-86
Module not found: Error: Can't resolve './assets/20250704_094712_ND-Pakorarex-clfq-mediumSquareAt3X.jpg' in '/home/kavia/workspace/code-generation/recipehub-106052-bbdaea69/frontend_app/src'

ERROR in ./src/App.js 27:13-84
Module not found: Error: Can't resolve './assets/20250704_094714_10Felafel-wqbp-mediumSquareAt3X.jpg' in '/home/kavia/workspace/code-generation/recipehub-106052-bbdaea69/frontend_app/src'

ERROR in ./src/App.js 28:24-97
Module not found: Error: Can't resolve './assets/20250704_094715_photo-1490645935967-10de6ba17061.jpeg' in '/home/kavia/workspace/code-generation/recipehub-106052-bbdaea69/frontend_app/src'

ERROR in ./src/App.js 29:16-74
Module not found: Error: Can't resolve './assets/20250704_094716_Fish-Tacos-1337495.jpg' in '/home/kavia/workspace/code-generation/recipehub-106052-bbdaea69/frontend_app/src'

ERROR in ./src/App.js 30:17-138
Module not found: Error: Can't resolve './assets/20250704_094717_Simply-Recipes-Homemade-Pizza-Dough-Lead-Shot-1c-c2b1885d27d4481c9cfe6f6286a64342.jpg' in '/home/kavia/workspace/code-generation/recipehub-106052-bbdaea69/frontend_app/src'

ERROR in ./src/App.js 31:26-148
Module not found: Error: Can't resolve './assets/20250704_094718_2400-240708-broccoli-and-chicken-stir-fry-3x4-186-b7f290a400134ae9910f2e67ff50d9f2.jpg' in '/home/kavia/workspace/code-generation/recipehub-106052-bbdaea69/frontend_app/src'

ERROR in ./src/App.js 32:17-68
Module not found: Error: Can't resolve './assets/20250704_094718_ratatouille.jpg' in '/home/kavia/workspace/code-generation/recipehub-106052-bbdaea69/frontend_app/src'

ERROR in ./src/App.js 33:20-118
Module not found: Error: Can't resolve './assets/20250704_094719_chickpea-curry-chhole-1x1-41ea4d53c7df4fddabd83caa5b57718e.jpg' in '/home/kavia/workspace/code-generation/recipehub-106052-bbdaea69/frontend_app/src'

ERROR in ./src/App.js 34:19-143
Module not found: Error: Can't resolve './assets/20250704_094720_FAW-recipes-pasta-sausage-basil-and-mustard-hero-06-cfd1c0a2989e474ea7e574a38182bbee.jpg' in '/home/kavia/workspace/code-generation/recipehub-106052-bbdaea69/frontend_app/src'

ERROR in ./src/App.js 35:21-107
Module not found: Error: Can't resolve './assets/20250704_094721_chorizo-mozarella-gnocchi-bake-cropped-9ab73a3.jpg' in '/home/kavia/workspace/code-generation/recipehub-106052-bbdaea69/frontend_app/src'

ERROR in ./src/App.js 36:27-88
Module not found: Error: Can't resolve './assets/20250704_094721_Berry_Smoothie_Bowl_2.jpg' in '/home/kavia/workspace/code-generation/recipehub-106052-bbdaea69/frontend_app/src'

ERROR in ./src/App.js 37:22-78
Module not found: Error: Can't resolve './assets/20250704_094722_Vegetarian_Pizza.jpg' in '/home/kavia/workspace/code-generation/recipehub-106052-bbdaea69/frontend_app/src'

ERROR in ./src/App.js 38:21-76
Module not found: Error: Can't resolve './assets/20250704_094722_Salmon_Teriyaki.jpg' in '/home/kavia/workspace/code-generation/recipehub-106052-bbdaea69/frontend_app/src'

ERROR in ./src/App.js 39:25-84
Module not found: Error: Can't resolve './assets/20250704_094723_Berry_Smoothie_Bowl.jpg' in '/home/kavia/workspace/code-generation/recipehub-106052-bbdaea69/frontend_app/src'

ERROR in ./src/App.js 40:21-76
Module not found: Error: Can't resolve './assets/20250704_094724_Vegetable_Curry.jpg' in '/home/kavia/workspace/code-generation/recipehub-106052-bbdaea69/frontend_app/src'

ERROR in ./src/App.js 41:22-78
Module not found: Error: Can't resolve './assets/20250704_094724_Margherita_Pizza.jpg' in '/home/kavia/workspace/code-generation/recipehub-106052-bbdaea69/frontend_app/src'

ERROR in ./src/App.js 42:20-74
Module not found: Error: Can't resolve './assets/20250704_094725_Chocolate_Cake.jpg' in '/home/kavia/workspace/code-generation/recipehub-106052-bbdaea69/frontend_app/src'

ERROR in ./src/App.js 43:22-78
Module not found: Error: Can't resolve './assets/20250704_094726_Chicken_Stir_Fry.jpg' in '/home/kavia/workspace/code-generation/recipehub-106052-bbdaea69/frontend_app/src'

ERROR in ./src/App.js 44:25-84
Module not found: Error: Can't resolve './assets/20250704_094726_Spaghetti_Carbonara.jpg' in '/home/kavia/workspace/code-generation/recipehub-106052-bbdaea69/frontend_app/src'

webpack compiled with 31 errors
Compiling...
Failed to compile.

Module not found: Error: Can't resolve './assets/20250704_094701_garlic-steak-bites-potatoes-recipe-3-edited.jpg' in '/home/kavia/workspace/code-generation/recipehub-106052-bbdaea69/frontend_app/src'
ERROR in ./src/App.js 15:24-107
Module not found: Error: Can't resolve './assets/20250704_094701_garlic-steak-bites-potatoes-recipe-3-edited.jpg' in '/home/kavia/workspace/code-generation/recipehub-106052-bbdaea69/frontend_app/src'

ERROR in ./src/App.js 16:15-67
Module not found: Error: Can't resolve './assets/20250704_094701_meatballs-21.jpg' in '/home/kavia/workspace/code-generation/recipehub-106052-bbdaea69/frontend_app/src'

ERROR in ./src/App.js 17:26-98
Module not found: Error: Can't resolve './assets/20250704_094702_30-Minute-Honey-Garlic-Chicken-1.jpg' in '/home/kavia/workspace/code-generation/recipehub-106052-bbdaea69/frontend_app/src'

ERROR in ./src/App.js 18:22-244
Module not found: Error: Can't resolve './assets/20250704_094703_opt__aboutcom__coeus__resources__content_migration__serious_eats__seriouseats.com__recipes__images__2016__05__20160520-japanese-turnips-vicky-wasik-8-be3cea98515349f1a0fd4e713a109ed2.jpg' in '/home/kavia/workspace/code-generation/recipehub-106052-bbdaea69/frontend_app/src'

ERROR in ./src/App.js 19:20-118
Module not found: Error: Can't resolve './assets/20250704_094704_k_Photo_Recipes_2024-11-rigatoni-pasta_rigatoni-pasta-098.jpeg' in '/home/kavia/workspace/code-generation/recipehub-106052-bbdaea69/frontend_app/src'

ERROR in ./src/App.js 20:13-67
Module not found: Error: Can't resolve './assets/20250704_094705_Ceviche-Recipe.jpg' in '/home/kavia/workspace/code-generation/recipehub-106052-bbdaea69/frontend_app/src'

ERROR in ./src/App.js 21:28-120
Module not found: Error: Can't resolve './assets/20250704_094706_easy-dinner-recipes-no-cooking-the-everygirl-feature.jpg' in '/home/kavia/workspace/code-generation/recipehub-106052-bbdaea69/frontend_app/src'

ERROR in ./src/App.js 22:14-70
Module not found: Error: Can't resolve './assets/20250704_094707_Dum-Aloo-e163632.jpg' in '/home/kavia/workspace/code-generation/recipehub-106052-bbdaea69/frontend_app/src'

ERROR in ./src/App.js 23:16-74
Module not found: Error: Can't resolve './assets/20250704_094708_Cowboy-pie-cef67be.jpg' in '/home/kavia/workspace/code-generation/recipehub-106052-bbdaea69/frontend_app/src'

ERROR in ./src/App.js 24:22-85
Module not found: Error: Can't resolve './assets/20250704_094709_American-Goulash-Recipe.jpg' in '/home/kavia/workspace/code-generation/recipehub-106052-bbdaea69/frontend_app/src'

ERROR in ./src/App.js 25:20-146
Module not found: Error: Can't resolve './assets/20250704_094710_AR-141169-Easy-Indian-Butter-Chicken-DDMFS-4x3-beauty-588ff54d1e0f4a0788906e851e27d540.jpg' in '/home/kavia/workspace/code-generation/recipehub-106052-bbdaea69/frontend_app/src'

ERROR in ./src/App.js 26:12-86
Module not found: Error: Can't resolve './assets/20250704_094712_ND-Pakorarex-clfq-mediumSquareAt3X.jpg' in '/home/kavia/workspace/code-generation/recipehub-106052-bbdaea69/frontend_app/src'

ERROR in ./src/App.js 27:13-84
Module not found: Error: Can't resolve './assets/20250704_094714_10Felafel-wqbp-mediumSquareAt3X.jpg' in '/home/kavia/workspace/code-generation/recipehub-106052-bbdaea69/frontend_app/src'

ERROR in ./src/App.js 28:24-97
Module not found: Error: Can't resolve './assets/20250704_094715_photo-1490645935967-10de6ba17061.jpeg' in '/home/kavia/workspace/code-generation/recipehub-106052-bbdaea69/frontend_app/src'

ERROR in ./src/App.js 29:16-74
Module not found: Error: Can't resolve './assets/20250704_094716_Fish-Tacos-1337495.jpg' in '/home/kavia/workspace/code-generation/recipehub-106052-bbdaea69/frontend_app/src'

ERROR in ./src/App.js 30:17-138
Module not found: Error: Can't resolve './assets/20250704_094717_Simply-Recipes-Homemade-Pizza-Dough-Lead-Shot-1c-c2b1885d27d4481c9cfe6f6286a64342.jpg' in '/home/kavia/workspace/code-generation/recipehub-106052-bbdaea69/frontend_app/src'

ERROR in ./src/App.js 31:26-148
Module not found: Error: Can't resolve './assets/20250704_094718_2400-240708-broccoli-and-chicken-stir-fry-3x4-186-b7f290a400134ae9910f2e67ff50d9f2.jpg' in '/home/kavia/workspace/code-generation/recipehub-106052-bbdaea69/frontend_app/src'

ERROR in ./src/App.js 32:17-68
Module not found: Error: Can't resolve './assets/20250704_094718_ratatouille.jpg' in '/home/kavia/workspace/code-generation/recipehub-106052-bbdaea69/frontend_app/src'

ERROR in ./src/App.js 33:20-118
Module not found: Error: Can't resolve './assets/20250704_094719_chickpea-curry-chhole-1x1-41ea4d53c7df4fddabd83caa5b57718e.jpg' in '/home/kavia/workspace/code-generation/recipehub-106052-bbdaea69/frontend_app/src'

ERROR in ./src/App.js 34:19-143
Module not found: Error: Can't resolve './assets/20250704_094720_FAW-recipes-pasta-sausage-basil-and-mustard-hero-06-cfd1c0a2989e474ea7e574a38182bbee.jpg' in '/home/kavia/workspace/code-generation/recipehub-106052-bbdaea69/frontend_app/src'

ERROR in ./src/App.js 35:21-107
Module not found: Error: Can't resolve './assets/20250704_094721_chorizo-mozarella-gnocchi-bake-cropped-9ab73a3.jpg' in '/home/kavia/workspace/code-generation/recipehub-106052-bbdaea69/frontend_app/src'

ERROR in ./src/App.js 36:27-88
Module not found: Error: Can't resolve './assets/20250704_094721_Berry_Smoothie_Bowl_2.jpg' in '/home/kavia/workspace/code-generation/recipehub-106052-bbdaea69/frontend_app/src'

ERROR in ./src/App.js 37:22-78
Module not found: Error: Can't resolve './assets/20250704_094722_Vegetarian_Pizza.jpg' in '/home/kavia/workspace/code-generation/recipehub-106052-bbdaea69/frontend_app/src'

ERROR in ./src/App.js 38:21-76
Module not found: Error: Can't resolve './assets/20250704_094722_Salmon_Teriyaki.jpg' in '/home/kavia/workspace/code-generation/recipehub-106052-bbdaea69/frontend_app/src'

ERROR in ./src/App.js 39:25-84
Module not found: Error: Can't resolve './assets/20250704_094723_Berry_Smoothie_Bowl.jpg' in '/home/kavia/workspace/code-generation/recipehub-106052-bbdaea69/frontend_app/src'

ERROR in ./src/App.js 40:21-76
Module not found: Error: Can't resolve './assets/20250704_094724_Vegetable_Curry.jpg' in '/home/kavia/workspace/code-generation/recipehub-106052-bbdaea69/frontend_app/src'

ERROR in ./src/App.js 41:22-78
Module not found: Error: Can't resolve './assets/20250704_094724_Margherita_Pizza.jpg' in '/home/kavia/workspace/code-generation/recipehub-106052-bbdaea69/frontend_app/src'

ERROR in ./src/App.js 42:20-74
Module not found: Error: Can't resolve './assets/20250704_094725_Chocolate_Cake.jpg' in '/home/kavia/workspace/code-generation/recipehub-106052-bbdaea69/frontend_app/src'

ERROR in ./src/App.js 43:22-78
Module not found: Error: Can't resolve './assets/20250704_094726_Chicken_Stir_Fry.jpg' in '/home/kavia/workspace/code-generation/recipehub-106052-bbdaea69/frontend_app/src'

ERROR in ./src/App.js 44:25-84
Module not found: Error: Can't resolve './assets/20250704_094726_Spaghetti_Carbonara.jpg' in '/home/kavia/workspace/code-generation/recipehub-106052-bbdaea69/frontend_app/src'

webpack compiled with 30 errors
Compiling...
Failed to compile.

Module not found: Error: Can't resolve './assets/20250704_094701_meatballs-21.jpg' in '/home/kavia/workspace/code-generation/recipehub-106052-bbdaea69/frontend_app/src'
ERROR in ./src/App.js 16:15-67
Module not found: Error: Can't resolve './assets/20250704_094701_meatballs-21.jpg' in '/home/kavia/workspace/code-generation/recipehub-106052-bbdaea69/frontend_app/src'

ERROR in ./src/App.js 17:26-98
Module not found: Error: Can't resolve './assets/20250704_094702_30-Minute-Honey-Garlic-Chicken-1.jpg' in '/home/kavia/workspace/code-generation/recipehub-106052-bbdaea69/frontend_app/src'

ERROR in ./src/App.js 18:22-244
Module not found: Error: Can't resolve './assets/20250704_094703_opt__aboutcom__coeus__resources__content_migration__serious_eats__seriouseats.com__recipes__images__2016__05__20160520-japanese-turnips-vicky-wasik-8-be3cea98515349f1a0fd4e713a109ed2.jpg' in '/home/kavia/workspace/code-generation/recipehub-106052-bbdaea69/frontend_app/src'

ERROR in ./src/App.js 19:20-118
Module not found: Error: Can't resolve './assets/20250704_094704_k_Photo_Recipes_2024-11-rigatoni-pasta_rigatoni-pasta-098.jpeg' in '/home/kavia/workspace/code-generation/recipehub-106052-bbdaea69/frontend_app/src'

ERROR in ./src/App.js 20:13-67
Module not found: Error: Can't resolve './assets/20250704_094705_Ceviche-Recipe.jpg' in '/home/kavia/workspace/code-generation/recipehub-106052-bbdaea69/frontend_app/src'

ERROR in ./src/App.js 21:28-120
Module not found: Error: Can't resolve './assets/20250704_094706_easy-dinner-recipes-no-cooking-the-everygirl-feature.jpg' in '/home/kavia/workspace/code-generation/recipehub-106052-bbdaea69/frontend_app/src'

ERROR in ./src/App.js 22:14-70
Module not found: Error: Can't resolve './assets/20250704_094707_Dum-Aloo-e163632.jpg' in '/home/kavia/workspace/code-generation/recipehub-106052-bbdaea69/frontend_app/src'

ERROR in ./src/App.js 23:16-74
Module not found: Error: Can't resolve './assets/20250704_094708_Cowboy-pie-cef67be.jpg' in '/home/kavia/workspace/code-generation/recipehub-106052-bbdaea69/frontend_app/src'

ERROR in ./src/App.js 24:22-85
Module not found: Error: Can't resolve './assets/20250704_094709_American-Goulash-Recipe.jpg' in '/home/kavia/workspace/code-generation/recipehub-106052-bbdaea69/frontend_app/src'

ERROR in ./src/App.js 25:20-146
Module not found: Error: Can't resolve './assets/20250704_094710_AR-141169-Easy-Indian-Butter-Chicken-DDMFS-4x3-beauty-588ff54d1e0f4a0788906e851e27d540.jpg' in '/home/kavia/workspace/code-generation/recipehub-106052-bbdaea69/frontend_app/src'

ERROR in ./src/App.js 26:12-86
Module not found: Error: Can't resolve './assets/20250704_094712_ND-Pakorarex-clfq-mediumSquareAt3X.jpg' in '/home/kavia/workspace/code-generation/recipehub-106052-bbdaea69/frontend_app/src'

ERROR in ./src/App.js 27:13-84
Module not found: Error: Can't resolve './assets/20250704_094714_10Felafel-wqbp-mediumSquareAt3X.jpg' in '/home/kavia/workspace/code-generation/recipehub-106052-bbdaea69/frontend_app/src'

ERROR in ./src/App.js 28:24-97
Module not found: Error: Can't resolve './assets/20250704_094715_photo-1490645935967-10de6ba17061.jpeg' in '/home/kavia/workspace/code-generation/recipehub-106052-bbdaea69/frontend_app/src'

ERROR in ./src/App.js 29:16-74
Module not found: Error: Can't resolve './assets/20250704_094716_Fish-Tacos-1337495.jpg' in '/home/kavia/workspace/code-generation/recipehub-106052-bbdaea69/frontend_app/src'

ERROR in ./src/App.js 30:17-138
Module not found: Error: Can't resolve './assets/20250704_094717_Simply-Recipes-Homemade-Pizza-Dough-Lead-Shot-1c-c2b1885d27d4481c9cfe6f6286a64342.jpg' in '/home/kavia/workspace/code-generation/recipehub-106052-bbdaea69/frontend_app/src'

ERROR in ./src/App.js 31:26-148
Module not found: Error: Can't resolve './assets/20250704_094718_2400-240708-broccoli-and-chicken-stir-fry-3x4-186-b7f290a400134ae9910f2e67ff50d9f2.jpg' in '/home/kavia/workspace/code-generation/recipehub-106052-bbdaea69/frontend_app/src'

ERROR in ./src/App.js 32:17-68
Module not found: Error: Can't resolve './assets/20250704_094718_ratatouille.jpg' in '/home/kavia/workspace/code-generation/recipehub-106052-bbdaea69/frontend_app/src'

ERROR in ./src/App.js 33:20-118
Module not found: Error: Can't resolve './assets/20250704_094719_chickpea-curry-chhole-1x1-41ea4d53c7df4fddabd83caa5b57718e.jpg' in '/home/kavia/workspace/code-generation/recipehub-106052-bbdaea69/frontend_app/src'

ERROR in ./src/App.js 34:19-143
Module not found: Error: Can't resolve './assets/20250704_094720_FAW-recipes-pasta-sausage-basil-and-mustard-hero-06-cfd1c0a2989e474ea7e574a38182bbee.jpg' in '/home/kavia/workspace/code-generation/recipehub-106052-bbdaea69/frontend_app/src'

ERROR in ./src/App.js 35:21-107
Module not found: Error: Can't resolve './assets/20250704_094721_chorizo-mozarella-gnocchi-bake-cropped-9ab73a3.jpg' in '/home/kavia/workspace/code-generation/recipehub-106052-bbdaea69/frontend_app/src'

ERROR in ./src/App.js 36:27-88
Module not found: Error: Can't resolve './assets/20250704_094721_Berry_Smoothie_Bowl_2.jpg' in '/home/kavia/workspace/code-generation/recipehub-106052-bbdaea69/frontend_app/src'

ERROR in ./src/App.js 37:22-78
Module not found: Error: Can't resolve './assets/20250704_094722_Vegetarian_Pizza.jpg' in '/home/kavia/workspace/code-generation/recipehub-106052-bbdaea69/frontend_app/src'

ERROR in ./src/App.js 38:21-76
Module not found: Error: Can't resolve './assets/20250704_094722_Salmon_Teriyaki.jpg' in '/home/kavia/workspace/code-generation/recipehub-106052-bbdaea69/frontend_app/src'

ERROR in ./src/App.js 39:25-84
Module not found: Error: Can't resolve './assets/20250704_094723_Berry_Smoothie_Bowl.jpg' in '/home/kavia/workspace/code-generation/recipehub-106052-bbdaea69/frontend_app/src'

ERROR in ./src/App.js 40:21-76
Module not found: Error: Can't resolve './assets/20250704_094724_Vegetable_Curry.jpg' in '/home/kavia/workspace/code-generation/recipehub-106052-bbdaea69/frontend_app/src'

ERROR in ./src/App.js 41:22-78
Module not found: Error: Can't resolve './assets/20250704_094724_Margherita_Pizza.jpg' in '/home/kavia/workspace/code-generation/recipehub-106052-bbdaea69/frontend_app/src'

ERROR in ./src/App.js 42:20-74
Module not found: Error: Can't resolve './assets/20250704_094725_Chocolate_Cake.jpg' in '/home/kavia/workspace/code-generation/recipehub-106052-bbdaea69/frontend_app/src'

ERROR in ./src/App.js 43:22-78
Module not found: Error: Can't resolve './assets/20250704_094726_Chicken_Stir_Fry.jpg' in '/home/kavia/workspace/code-generation/recipehub-106052-bbdaea69/frontend_app/src'

ERROR in ./src/App.js 44:25-84
Module not found: Error: Can't resolve './assets/20250704_094726_Spaghetti_Carbonara.jpg' in '/home/kavia/workspace/code-generation/recipehub-106052-bbdaea69/frontend_app/src'

webpack compiled with 29 errors
Compiling...
Failed to compile.

Module not found: Error: Can't resolve './assets/20250704_094704_k_Photo_Recipes_2024-11-rigatoni-pasta_rigatoni-pasta-098.jpeg' in '/home/kavia/workspace/code-generation/recipehub-106052-bbdaea69/frontend_app/src'
ERROR in ./src/App.js 19:20-118
Module not found: Error: Can't resolve './assets/20250704_094704_k_Photo_Recipes_2024-11-rigatoni-pasta_rigatoni-pasta-098.jpeg' in '/home/kavia/workspace/code-generation/recipehub-106052-bbdaea69/frontend_app/src'

ERROR in ./src/App.js 20:13-67
Module not found: Error: Can't resolve './assets/20250704_094705_Ceviche-Recipe.jpg' in '/home/kavia/workspace/code-generation/recipehub-106052-bbdaea69/frontend_app/src'

ERROR in ./src/App.js 21:28-120
Module not found: Error: Can't resolve './assets/20250704_094706_easy-dinner-recipes-no-cooking-the-everygirl-feature.jpg' in '/home/kavia/workspace/code-generation/recipehub-106052-bbdaea69/frontend_app/src'

ERROR in ./src/App.js 22:14-70
Module not found: Error: Can't resolve './assets/20250704_094707_Dum-Aloo-e163632.jpg' in '/home/kavia/workspace/code-generation/recipehub-106052-bbdaea69/frontend_app/src'

ERROR in ./src/App.js 23:16-74
Module not found: Error: Can't resolve './assets/20250704_094708_Cowboy-pie-cef67be.jpg' in '/home/kavia/workspace/code-generation/recipehub-106052-bbdaea69/frontend_app/src'

ERROR in ./src/App.js 24:22-85
Module not found: Error: Can't resolve './assets/20250704_094709_American-Goulash-Recipe.jpg' in '/home/kavia/workspace/code-generation/recipehub-106052-bbdaea69/frontend_app/src'

ERROR in ./src/App.js 25:20-146
Module not found: Error: Can't resolve './assets/20250704_094710_AR-141169-Easy-Indian-Butter-Chicken-DDMFS-4x3-beauty-588ff54d1e0f4a0788906e851e27d540.jpg' in '/home/kavia/workspace/code-generation/recipehub-106052-bbdaea69/frontend_app/src'

ERROR in ./src/App.js 26:12-86
Module not found: Error: Can't resolve './assets/20250704_094712_ND-Pakorarex-clfq-mediumSquareAt3X.jpg' in '/home/kavia/workspace/code-generation/recipehub-106052-bbdaea69/frontend_app/src'

ERROR in ./src/App.js 27:13-84
Module not found: Error: Can't resolve './assets/20250704_094714_10Felafel-wqbp-mediumSquareAt3X.jpg' in '/home/kavia/workspace/code-generation/recipehub-106052-bbdaea69/frontend_app/src'

ERROR in ./src/App.js 28:24-97
Module not found: Error: Can't resolve './assets/20250704_094715_photo-1490645935967-10de6ba17061.jpeg' in '/home/kavia/workspace/code-generation/recipehub-106052-bbdaea69/frontend_app/src'

ERROR in ./src/App.js 29:16-74
Module not found: Error: Can't resolve './assets/20250704_094716_Fish-Tacos-1337495.jpg' in '/home/kavia/workspace/code-generation/recipehub-106052-bbdaea69/frontend_app/src'

ERROR in ./src/App.js 30:17-138
Module not found: Error: Can't resolve './assets/20250704_094717_Simply-Recipes-Homemade-Pizza-Dough-Lead-Shot-1c-c2b1885d27d4481c9cfe6f6286a64342.jpg' in '/home/kavia/workspace/code-generation/recipehub-106052-bbdaea69/frontend_app/src'

ERROR in ./src/App.js 31:26-148
Module not found: Error: Can't resolve './assets/20250704_094718_2400-240708-broccoli-and-chicken-stir-fry-3x4-186-b7f290a400134ae9910f2e67ff50d9f2.jpg' in '/home/kavia/workspace/code-generation/recipehub-106052-bbdaea69/frontend_app/src'

ERROR in ./src/App.js 32:17-68
Module not found: Error: Can't resolve './assets/20250704_094718_ratatouille.jpg' in '/home/kavia/workspace/code-generation/recipehub-106052-bbdaea69/frontend_app/src'

ERROR in ./src/App.js 33:20-118
Module not found: Error: Can't resolve './assets/20250704_094719_chickpea-curry-chhole-1x1-41ea4d53c7df4fddabd83caa5b57718e.jpg' in '/home/kavia/workspace/code-generation/recipehub-106052-bbdaea69/frontend_app/src'

ERROR in ./src/App.js 34:19-143
Module not found: Error: Can't resolve './assets/20250704_094720_FAW-recipes-pasta-sausage-basil-and-mustard-hero-06-cfd1c0a2989e474ea7e574a38182bbee.jpg' in '/home/kavia/workspace/code-generation/recipehub-106052-bbdaea69/frontend_app/src'

ERROR in ./src/App.js 35:21-107
Module not found: Error: Can't resolve './assets/20250704_094721_chorizo-mozarella-gnocchi-bake-cropped-9ab73a3.jpg' in '/home/kavia/workspace/code-generation/recipehub-106052-bbdaea69/frontend_app/src'

ERROR in ./src/App.js 36:27-88
Module not found: Error: Can't resolve './assets/20250704_094721_Berry_Smoothie_Bowl_2.jpg' in '/home/kavia/workspace/code-generation/recipehub-106052-bbdaea69/frontend_app/src'

ERROR in ./src/App.js 37:22-78
Module not found: Error: Can't resolve './assets/20250704_094722_Vegetarian_Pizza.jpg' in '/home/kavia/workspace/code-generation/recipehub-106052-bbdaea69/frontend_app/src'

ERROR in ./src/App.js 38:21-76
Module not found: Error: Can't resolve './assets/20250704_094722_Salmon_Teriyaki.jpg' in '/home/kavia/workspace/code-generation/recipehub-106052-bbdaea69/frontend_app/src'

ERROR in ./src/App.js 39:25-84
Module not found: Error: Can't resolve './assets/20250704_094723_Berry_Smoothie_Bowl.jpg' in '/home/kavia/workspace/code-generation/recipehub-106052-bbdaea69/frontend_app/src'

ERROR in ./src/App.js 40:21-76
Module not found: Error: Can't resolve './assets/20250704_094724_Vegetable_Curry.jpg' in '/home/kavia/workspace/code-generation/recipehub-106052-bbdaea69/frontend_app/src'

ERROR in ./src/App.js 41:22-78
Module not found: Error: Can't resolve './assets/20250704_094724_Margherita_Pizza.jpg' in '/home/kavia/workspace/code-generation/recipehub-106052-bbdaea69/frontend_app/src'

ERROR in ./src/App.js 42:20-74
Module not found: Error: Can't resolve './assets/20250704_094725_Chocolate_Cake.jpg' in '/home/kavia/workspace/code-generation/recipehub-106052-bbdaea69/frontend_app/src'

ERROR in ./src/App.js 43:22-78
Module not found: Error: Can't resolve './assets/20250704_094726_Chicken_Stir_Fry.jpg' in '/home/kavia/workspace/code-generation/recipehub-106052-bbdaea69/frontend_app/src'

ERROR in ./src/App.js 44:25-84
Module not found: Error: Can't resolve './assets/20250704_094726_Spaghetti_Carbonara.jpg' in '/home/kavia/workspace/code-generation/recipehub-106052-bbdaea69/frontend_app/src'

webpack compiled with 26 errors
Compiling...
Failed to compile.

Module not found: Error: Can't resolve './assets/20250704_094705_Ceviche-Recipe.jpg' in '/home/kavia/workspace/code-generation/recipehub-106052-bbdaea69/frontend_app/src'
ERROR in ./src/App.js 20:13-67
Module not found: Error: Can't resolve './assets/20250704_094705_Ceviche-Recipe.jpg' in '/home/kavia/workspace/code-generation/recipehub-106052-bbdaea69/frontend_app/src'

ERROR in ./src/App.js 21:28-120
Module not found: Error: Can't resolve './assets/20250704_094706_easy-dinner-recipes-no-cooking-the-everygirl-feature.jpg' in '/home/kavia/workspace/code-generation/recipehub-106052-bbdaea69/frontend_app/src'

ERROR in ./src/App.js 22:14-70
Module not found: Error: Can't resolve './assets/20250704_094707_Dum-Aloo-e163632.jpg' in '/home/kavia/workspace/code-generation/recipehub-106052-bbdaea69/frontend_app/src'

ERROR in ./src/App.js 23:16-74
Module not found: Error: Can't resolve './assets/20250704_094708_Cowboy-pie-cef67be.jpg' in '/home/kavia/workspace/code-generation/recipehub-106052-bbdaea69/frontend_app/src'

ERROR in ./src/App.js 24:22-85
Module not found: Error: Can't resolve './assets/20250704_094709_American-Goulash-Recipe.jpg' in '/home/kavia/workspace/code-generation/recipehub-106052-bbdaea69/frontend_app/src'

ERROR in ./src/App.js 25:20-146
Module not found: Error: Can't resolve './assets/20250704_094710_AR-141169-Easy-Indian-Butter-Chicken-DDMFS-4x3-beauty-588ff54d1e0f4a0788906e851e27d540.jpg' in '/home/kavia/workspace/code-generation/recipehub-106052-bbdaea69/frontend_app/src'

ERROR in ./src/App.js 26:12-86
Module not found: Error: Can't resolve './assets/20250704_094712_ND-Pakorarex-clfq-mediumSquareAt3X.jpg' in '/home/kavia/workspace/code-generation/recipehub-106052-bbdaea69/frontend_app/src'

ERROR in ./src/App.js 27:13-84
Module not found: Error: Can't resolve './assets/20250704_094714_10Felafel-wqbp-mediumSquareAt3X.jpg' in '/home/kavia/workspace/code-generation/recipehub-106052-bbdaea69/frontend_app/src'

ERROR in ./src/App.js 28:24-97
Module not found: Error: Can't resolve './assets/20250704_094715_photo-1490645935967-10de6ba17061.jpeg' in '/home/kavia/workspace/code-generation/recipehub-106052-bbdaea69/frontend_app/src'

ERROR in ./src/App.js 29:16-74
Module not found: Error: Can't resolve './assets/20250704_094716_Fish-Tacos-1337495.jpg' in '/home/kavia/workspace/code-generation/recipehub-106052-bbdaea69/frontend_app/src'

ERROR in ./src/App.js 30:17-138
Module not found: Error: Can't resolve './assets/20250704_094717_Simply-Recipes-Homemade-Pizza-Dough-Lead-Shot-1c-c2b1885d27d4481c9cfe6f6286a64342.jpg' in '/home/kavia/workspace/code-generation/recipehub-106052-bbdaea69/frontend_app/src'

ERROR in ./src/App.js 31:26-148
Module not found: Error: Can't resolve './assets/20250704_094718_2400-240708-broccoli-and-chicken-stir-fry-3x4-186-b7f290a400134ae9910f2e67ff50d9f2.jpg' in '/home/kavia/workspace/code-generation/recipehub-106052-bbdaea69/frontend_app/src'

ERROR in ./src/App.js 32:17-68
Module not found: Error: Can't resolve './assets/20250704_094718_ratatouille.jpg' in '/home/kavia/workspace/code-generation/recipehub-106052-bbdaea69/frontend_app/src'

ERROR in ./src/App.js 33:20-118
Module not found: Error: Can't resolve './assets/20250704_094719_chickpea-curry-chhole-1x1-41ea4d53c7df4fddabd83caa5b57718e.jpg' in '/home/kavia/workspace/code-generation/recipehub-106052-bbdaea69/frontend_app/src'

ERROR in ./src/App.js 34:19-143
Module not found: Error: Can't resolve './assets/20250704_094720_FAW-recipes-pasta-sausage-basil-and-mustard-hero-06-cfd1c0a2989e474ea7e574a38182bbee.jpg' in '/home/kavia/workspace/code-generation/recipehub-106052-bbdaea69/frontend_app/src'

ERROR in ./src/App.js 35:21-107
Module not found: Error: Can't resolve './assets/20250704_094721_chorizo-mozarella-gnocchi-bake-cropped-9ab73a3.jpg' in '/home/kavia/workspace/code-generation/recipehub-106052-bbdaea69/frontend_app/src'

ERROR in ./src/App.js 36:27-88
Module not found: Error: Can't resolve './assets/20250704_094721_Berry_Smoothie_Bowl_2.jpg' in '/home/kavia/workspace/code-generation/recipehub-106052-bbdaea69/frontend_app/src'

ERROR in ./src/App.js 37:22-78
Module not found: Error: Can't resolve './assets/20250704_094722_Vegetarian_Pizza.jpg' in '/home/kavia/workspace/code-generation/recipehub-106052-bbdaea69/frontend_app/src'

ERROR in ./src/App.js 38:21-76
Module not found: Error: Can't resolve './assets/20250704_094722_Salmon_Teriyaki.jpg' in '/home/kavia/workspace/code-generation/recipehub-106052-bbdaea69/frontend_app/src'

ERROR in ./src/App.js 39:25-84
Module not found: Error: Can't resolve './assets/20250704_094723_Berry_Smoothie_Bowl.jpg' in '/home/kavia/workspace/code-generation/recipehub-106052-bbdaea69/frontend_app/src'

ERROR in ./src/App.js 40:21-76
Module not found: Error: Can't resolve './assets/20250704_094724_Vegetable_Curry.jpg' in '/home/kavia/workspace/code-generation/recipehub-106052-bbdaea69/frontend_app/src'

ERROR in ./src/App.js 41:22-78
Module not found: Error: Can't resolve './assets/20250704_094724_Margherita_Pizza.jpg' in '/home/kavia/workspace/code-generation/recipehub-106052-bbdaea69/frontend_app/src'

ERROR in ./src/App.js 42:20-74
Module not found: Error: Can't resolve './assets/20250704_094725_Chocolate_Cake.jpg' in '/home/kavia/workspace/code-generation/recipehub-106052-bbdaea69/frontend_app/src'

ERROR in ./src/App.js 43:22-78
Module not found: Error: Can't resolve './assets/20250704_094726_Chicken_Stir_Fry.jpg' in '/home/kavia/workspace/code-generation/recipehub-106052-bbdaea69/frontend_app/src'

ERROR in ./src/App.js 44:25-84
Module not found: Error: Can't resolve './assets/20250704_094726_Spaghetti_Carbonara.jpg' in '/home/kavia/workspace/code-generation/recipehub-106052-bbdaea69/frontend_app/src'

webpack compiled with 25 errors
Compiling...
Failed to compile.

Module not found: Error: Can't resolve './assets/20250704_094708_Cowboy-pie-cef67be.jpg' in '/home/kavia/workspace/code-generation/recipehub-106052-bbdaea69/frontend_app/src'
ERROR in ./src/App.js 23:16-74
Module not found: Error: Can't resolve './assets/20250704_094708_Cowboy-pie-cef67be.jpg' in '/home/kavia/workspace/code-generation/recipehub-106052-bbdaea69/frontend_app/src'

ERROR in ./src/App.js 24:22-85
Module not found: Error: Can't resolve './assets/20250704_094709_American-Goulash-Recipe.jpg' in '/home/kavia/workspace/code-generation/recipehub-106052-bbdaea69/frontend_app/src'

ERROR in ./src/App.js 25:20-146
Module not found: Error: Can't resolve './assets/20250704_094710_AR-141169-Easy-Indian-Butter-Chicken-DDMFS-4x3-beauty-588ff54d1e0f4a0788906e851e27d540.jpg' in '/home/kavia/workspace/code-generation/recipehub-106052-bbdaea69/frontend_app/src'

ERROR in ./src/App.js 26:12-86
Module not found: Error: Can't resolve './assets/20250704_094712_ND-Pakorarex-clfq-mediumSquareAt3X.jpg' in '/home/kavia/workspace/code-generation/recipehub-106052-bbdaea69/frontend_app/src'

ERROR in ./src/App.js 27:13-84
Module not found: Error: Can't resolve './assets/20250704_094714_10Felafel-wqbp-mediumSquareAt3X.jpg' in '/home/kavia/workspace/code-generation/recipehub-106052-bbdaea69/frontend_app/src'

ERROR in ./src/App.js 28:24-97
Module not found: Error: Can't resolve './assets/20250704_094715_photo-1490645935967-10de6ba17061.jpeg' in '/home/kavia/workspace/code-generation/recipehub-106052-bbdaea69/frontend_app/src'

ERROR in ./src/App.js 29:16-74
Module not found: Error: Can't resolve './assets/20250704_094716_Fish-Tacos-1337495.jpg' in '/home/kavia/workspace/code-generation/recipehub-106052-bbdaea69/frontend_app/src'

ERROR in ./src/App.js 30:17-138
Module not found: Error: Can't resolve './assets/20250704_094717_Simply-Recipes-Homemade-Pizza-Dough-Lead-Shot-1c-c2b1885d27d4481c9cfe6f6286a64342.jpg' in '/home/kavia/workspace/code-generation/recipehub-106052-bbdaea69/frontend_app/src'

ERROR in ./src/App.js 31:26-148
Module not found: Error: Can't resolve './assets/20250704_094718_2400-240708-broccoli-and-chicken-stir-fry-3x4-186-b7f290a400134ae9910f2e67ff50d9f2.jpg' in '/home/kavia/workspace/code-generation/recipehub-106052-bbdaea69/frontend_app/src'

ERROR in ./src/App.js 32:17-68
Module not found: Error: Can't resolve './assets/20250704_094718_ratatouille.jpg' in '/home/kavia/workspace/code-generation/recipehub-106052-bbdaea69/frontend_app/src'

ERROR in ./src/App.js 33:20-118
Module not found: Error: Can't resolve './assets/20250704_094719_chickpea-curry-chhole-1x1-41ea4d53c7df4fddabd83caa5b57718e.jpg' in '/home/kavia/workspace/code-generation/recipehub-106052-bbdaea69/frontend_app/src'

ERROR in ./src/App.js 34:19-143
Module not found: Error: Can't resolve './assets/20250704_094720_FAW-recipes-pasta-sausage-basil-and-mustard-hero-06-cfd1c0a2989e474ea7e574a38182bbee.jpg' in '/home/kavia/workspace/code-generation/recipehub-106052-bbdaea69/frontend_app/src'

ERROR in ./src/App.js 35:21-107
Module not found: Error: Can't resolve './assets/20250704_094721_chorizo-mozarella-gnocchi-bake-cropped-9ab73a3.jpg' in '/home/kavia/workspace/code-generation/recipehub-106052-bbdaea69/frontend_app/src'

ERROR in ./src/App.js 36:27-88
Module not found: Error: Can't resolve './assets/20250704_094721_Berry_Smoothie_Bowl_2.jpg' in '/home/kavia/workspace/code-generation/recipehub-106052-bbdaea69/frontend_app/src'

ERROR in ./src/App.js 37:22-78
Module not found: Error: Can't resolve './assets/20250704_094722_Vegetarian_Pizza.jpg' in '/home/kavia/workspace/code-generation/recipehub-106052-bbdaea69/frontend_app/src'

ERROR in ./src/App.js 38:21-76
Module not found: Error: Can't resolve './assets/20250704_094722_Salmon_Teriyaki.jpg' in '/home/kavia/workspace/code-generation/recipehub-106052-bbdaea69/frontend_app/src'

ERROR in ./src/App.js 39:25-84
Module not found: Error: Can't resolve './assets/20250704_094723_Berry_Smoothie_Bowl.jpg' in '/home/kavia/workspace/code-generation/recipehub-106052-bbdaea69/frontend_app/src'

ERROR in ./src/App.js 40:21-76
Module not found: Error: Can't resolve './assets/20250704_094724_Vegetable_Curry.jpg' in '/home/kavia/workspace/code-generation/recipehub-106052-bbdaea69/frontend_app/src'

ERROR in ./src/App.js 41:22-78
Module not found: Error: Can't resolve './assets/20250704_094724_Margherita_Pizza.jpg' in '/home/kavia/workspace/code-generation/recipehub-106052-bbdaea69/frontend_app/src'

ERROR in ./src/App.js 42:20-74
Module not found: Error: Can't resolve './assets/20250704_094725_Chocolate_Cake.jpg' in '/home/kavia/workspace/code-generation/recipehub-106052-bbdaea69/frontend_app/src'

ERROR in ./src/App.js 43:22-78
Module not found: Error: Can't resolve './assets/20250704_094726_Chicken_Stir_Fry.jpg' in '/home/kavia/workspace/code-generation/recipehub-106052-bbdaea69/frontend_app/src'

ERROR in ./src/App.js 44:25-84
Module not found: Error: Can't resolve './assets/20250704_094726_Spaghetti_Carbonara.jpg' in '/home/kavia/workspace/code-generation/recipehub-106052-bbdaea69/frontend_app/src'

webpack compiled with 22 errors
Compiling...
Failed to compile.

Module not found: Error: Can't resolve './assets/20250704_094709_American-Goulash-Recipe.jpg' in '/home/kavia/workspace/code-generation/recipehub-106052-bbdaea69/frontend_app/src'
ERROR in ./src/App.js 24:22-85
Module not found: Error: Can't resolve './assets/20250704_094709_American-Goulash-Recipe.jpg' in '/home/kavia/workspace/code-generation/recipehub-106052-bbdaea69/frontend_app/src'

ERROR in ./src/App.js 25:20-146
Module not found: Error: Can't resolve './assets/20250704_094710_AR-141169-Easy-Indian-Butter-Chicken-DDMFS-4x3-beauty-588ff54d1e0f4a0788906e851e27d540.jpg' in '/home/kavia/workspace/code-generation/recipehub-106052-bbdaea69/frontend_app/src'

ERROR in ./src/App.js 26:12-86
Module not found: Error: Can't resolve './assets/20250704_094712_ND-Pakorarex-clfq-mediumSquareAt3X.jpg' in '/home/kavia/workspace/code-generation/recipehub-106052-bbdaea69/frontend_app/src'

ERROR in ./src/App.js 27:13-84
Module not found: Error: Can't resolve './assets/20250704_094714_10Felafel-wqbp-mediumSquareAt3X.jpg' in '/home/kavia/workspace/code-generation/recipehub-106052-bbdaea69/frontend_app/src'

ERROR in ./src/App.js 28:24-97
Module not found: Error: Can't resolve './assets/20250704_094715_photo-1490645935967-10de6ba17061.jpeg' in '/home/kavia/workspace/code-generation/recipehub-106052-bbdaea69/frontend_app/src'

ERROR in ./src/App.js 29:16-74
Module not found: Error: Can't resolve './assets/20250704_094716_Fish-Tacos-1337495.jpg' in '/home/kavia/workspace/code-generation/recipehub-106052-bbdaea69/frontend_app/src'

ERROR in ./src/App.js 30:17-138
Module not found: Error: Can't resolve './assets/20250704_094717_Simply-Recipes-Homemade-Pizza-Dough-Lead-Shot-1c-c2b1885d27d4481c9cfe6f6286a64342.jpg' in '/home/kavia/workspace/code-generation/recipehub-106052-bbdaea69/frontend_app/src'

ERROR in ./src/App.js 31:26-148
Module not found: Error: Can't resolve './assets/20250704_094718_2400-240708-broccoli-and-chicken-stir-fry-3x4-186-b7f290a400134ae9910f2e67ff50d9f2.jpg' in '/home/kavia/workspace/code-generation/recipehub-106052-bbdaea69/frontend_app/src'

ERROR in ./src/App.js 32:17-68
Module not found: Error: Can't resolve './assets/20250704_094718_ratatouille.jpg' in '/home/kavia/workspace/code-generation/recipehub-106052-bbdaea69/frontend_app/src'

ERROR in ./src/App.js 33:20-118
Module not found: Error: Can't resolve './assets/20250704_094719_chickpea-curry-chhole-1x1-41ea4d53c7df4fddabd83caa5b57718e.jpg' in '/home/kavia/workspace/code-generation/recipehub-106052-bbdaea69/frontend_app/src'

ERROR in ./src/App.js 34:19-143
Module not found: Error: Can't resolve './assets/20250704_094720_FAW-recipes-pasta-sausage-basil-and-mustard-hero-06-cfd1c0a2989e474ea7e574a38182bbee.jpg' in '/home/kavia/workspace/code-generation/recipehub-106052-bbdaea69/frontend_app/src'

ERROR in ./src/App.js 35:21-107
Module not found: Error: Can't resolve './assets/20250704_094721_chorizo-mozarella-gnocchi-bake-cropped-9ab73a3.jpg' in '/home/kavia/workspace/code-generation/recipehub-106052-bbdaea69/frontend_app/src'

ERROR in ./src/App.js 36:27-88
Module not found: Error: Can't resolve './assets/20250704_094721_Berry_Smoothie_Bowl_2.jpg' in '/home/kavia/workspace/code-generation/recipehub-106052-bbdaea69/frontend_app/src'

ERROR in ./src/App.js 37:22-78
Module not found: Error: Can't resolve './assets/20250704_094722_Vegetarian_Pizza.jpg' in '/home/kavia/workspace/code-generation/recipehub-106052-bbdaea69/frontend_app/src'

ERROR in ./src/App.js 38:21-76
Module not found: Error: Can't resolve './assets/20250704_094722_Salmon_Teriyaki.jpg' in '/home/kavia/workspace/code-generation/recipehub-106052-bbdaea69/frontend_app/src'

ERROR in ./src/App.js 39:25-84
Module not found: Error: Can't resolve './assets/20250704_094723_Berry_Smoothie_Bowl.jpg' in '/home/kavia/workspace/code-generation/recipehub-106052-bbdaea69/frontend_app/src'

ERROR in ./src/App.js 40:21-76
Module not found: Error: Can't resolve './assets/20250704_094724_Vegetable_Curry.jpg' in '/home/kavia/workspace/code-generation/recipehub-106052-bbdaea69/frontend_app/src'

ERROR in ./src/App.js 41:22-78
Module not found: Error: Can't resolve './assets/20250704_094724_Margherita_Pizza.jpg' in '/home/kavia/workspace/code-generation/recipehub-106052-bbdaea69/frontend_app/src'

ERROR in ./src/App.js 42:20-74
Module not found: Error: Can't resolve './assets/20250704_094725_Chocolate_Cake.jpg' in '/home/kavia/workspace/code-generation/recipehub-106052-bbdaea69/frontend_app/src'

ERROR in ./src/App.js 43:22-78
Module not found: Error: Can't resolve './assets/20250704_094726_Chicken_Stir_Fry.jpg' in '/home/kavia/workspace/code-generation/recipehub-106052-bbdaea69/frontend_app/src'

ERROR in ./src/App.js 44:25-84
Module not found: Error: Can't resolve './assets/20250704_094726_Spaghetti_Carbonara.jpg' in '/home/kavia/workspace/code-generation/recipehub-106052-bbdaea69/frontend_app/src'

webpack compiled with 21 errors
Compiling...
Failed to compile.

Module not found: Error: Can't resolve './assets/20250704_094712_ND-Pakorarex-clfq-mediumSquareAt3X.jpg' in '/home/kavia/workspace/code-generation/recipehub-106052-bbdaea69/frontend_app/src'
ERROR in ./src/App.js 26:12-86
Module not found: Error: Can't resolve './assets/20250704_094712_ND-Pakorarex-clfq-mediumSquareAt3X.jpg' in '/home/kavia/workspace/code-generation/recipehub-106052-bbdaea69/frontend_app/src'

ERROR in ./src/App.js 27:13-84
Module not found: Error: Can't resolve './assets/20250704_094714_10Felafel-wqbp-mediumSquareAt3X.jpg' in '/home/kavia/workspace/code-generation/recipehub-106052-bbdaea69/frontend_app/src'

ERROR in ./src/App.js 28:24-97
Module not found: Error: Can't resolve './assets/20250704_094715_photo-1490645935967-10de6ba17061.jpeg' in '/home/kavia/workspace/code-generation/recipehub-106052-bbdaea69/frontend_app/src'

ERROR in ./src/App.js 29:16-74
Module not found: Error: Can't resolve './assets/20250704_094716_Fish-Tacos-1337495.jpg' in '/home/kavia/workspace/code-generation/recipehub-106052-bbdaea69/frontend_app/src'

ERROR in ./src/App.js 30:17-138
Module not found: Error: Can't resolve './assets/20250704_094717_Simply-Recipes-Homemade-Pizza-Dough-Lead-Shot-1c-c2b1885d27d4481c9cfe6f6286a64342.jpg' in '/home/kavia/workspace/code-generation/recipehub-106052-bbdaea69/frontend_app/src'

ERROR in ./src/App.js 31:26-148
Module not found: Error: Can't resolve './assets/20250704_094718_2400-240708-broccoli-and-chicken-stir-fry-3x4-186-b7f290a400134ae9910f2e67ff50d9f2.jpg' in '/home/kavia/workspace/code-generation/recipehub-106052-bbdaea69/frontend_app/src'

ERROR in ./src/App.js 32:17-68
Module not found: Error: Can't resolve './assets/20250704_094718_ratatouille.jpg' in '/home/kavia/workspace/code-generation/recipehub-106052-bbdaea69/frontend_app/src'

ERROR in ./src/App.js 33:20-118
Module not found: Error: Can't resolve './assets/20250704_094719_chickpea-curry-chhole-1x1-41ea4d53c7df4fddabd83caa5b57718e.jpg' in '/home/kavia/workspace/code-generation/recipehub-106052-bbdaea69/frontend_app/src'

ERROR in ./src/App.js 34:19-143
Module not found: Error: Can't resolve './assets/20250704_094720_FAW-recipes-pasta-sausage-basil-and-mustard-hero-06-cfd1c0a2989e474ea7e574a38182bbee.jpg' in '/home/kavia/workspace/code-generation/recipehub-106052-bbdaea69/frontend_app/src'

ERROR in ./src/App.js 35:21-107
Module not found: Error: Can't resolve './assets/20250704_094721_chorizo-mozarella-gnocchi-bake-cropped-9ab73a3.jpg' in '/home/kavia/workspace/code-generation/recipehub-106052-bbdaea69/frontend_app/src'

ERROR in ./src/App.js 36:27-88
Module not found: Error: Can't resolve './assets/20250704_094721_Berry_Smoothie_Bowl_2.jpg' in '/home/kavia/workspace/code-generation/recipehub-106052-bbdaea69/frontend_app/src'

ERROR in ./src/App.js 37:22-78
Module not found: Error: Can't resolve './assets/20250704_094722_Vegetarian_Pizza.jpg' in '/home/kavia/workspace/code-generation/recipehub-106052-bbdaea69/frontend_app/src'

ERROR in ./src/App.js 38:21-76
Module not found: Error: Can't resolve './assets/20250704_094722_Salmon_Teriyaki.jpg' in '/home/kavia/workspace/code-generation/recipehub-106052-bbdaea69/frontend_app/src'

ERROR in ./src/App.js 39:25-84
Module not found: Error: Can't resolve './assets/20250704_094723_Berry_Smoothie_Bowl.jpg' in '/home/kavia/workspace/code-generation/recipehub-106052-bbdaea69/frontend_app/src'

ERROR in ./src/App.js 40:21-76
Module not found: Error: Can't resolve './assets/20250704_094724_Vegetable_Curry.jpg' in '/home/kavia/workspace/code-generation/recipehub-106052-bbdaea69/frontend_app/src'

ERROR in ./src/App.js 41:22-78
Module not found: Error: Can't resolve './assets/20250704_094724_Margherita_Pizza.jpg' in '/home/kavia/workspace/code-generation/recipehub-106052-bbdaea69/frontend_app/src'

ERROR in ./src/App.js 42:20-74
Module not found: Error: Can't resolve './assets/20250704_094725_Chocolate_Cake.jpg' in '/home/kavia/workspace/code-generation/recipehub-106052-bbdaea69/frontend_app/src'

ERROR in ./src/App.js 43:22-78
Module not found: Error: Can't resolve './assets/20250704_094726_Chicken_Stir_Fry.jpg' in '/home/kavia/workspace/code-generation/recipehub-106052-bbdaea69/frontend_app/src'

ERROR in ./src/App.js 44:25-84
Module not found: Error: Can't resolve './assets/20250704_094726_Spaghetti_Carbonara.jpg' in '/home/kavia/workspace/code-generation/recipehub-106052-bbdaea69/frontend_app/src'

webpack compiled with 19 errors
Compiling...
Failed to compile.

Module not found: Error: Can't resolve './assets/20250704_094714_10Felafel-wqbp-mediumSquareAt3X.jpg' in '/home/kavia/workspace/code-generation/recipehub-106052-bbdaea69/frontend_app/src'
ERROR in ./src/App.js 27:13-84
Module not found: Error: Can't resolve './assets/20250704_094714_10Felafel-wqbp-mediumSquareAt3X.jpg' in '/home/kavia/workspace/code-generation/recipehub-106052-bbdaea69/frontend_app/src'

ERROR in ./src/App.js 28:24-97
Module not found: Error: Can't resolve './assets/20250704_094715_photo-1490645935967-10de6ba17061.jpeg' in '/home/kavia/workspace/code-generation/recipehub-106052-bbdaea69/frontend_app/src'

ERROR in ./src/App.js 29:16-74
Module not found: Error: Can't resolve './assets/20250704_094716_Fish-Tacos-1337495.jpg' in '/home/kavia/workspace/code-generation/recipehub-106052-bbdaea69/frontend_app/src'

ERROR in ./src/App.js 30:17-138
Module not found: Error: Can't resolve './assets/20250704_094717_Simply-Recipes-Homemade-Pizza-Dough-Lead-Shot-1c-c2b1885d27d4481c9cfe6f6286a64342.jpg' in '/home/kavia/workspace/code-generation/recipehub-106052-bbdaea69/frontend_app/src'

ERROR in ./src/App.js 31:26-148
Module not found: Error: Can't resolve './assets/20250704_094718_2400-240708-broccoli-and-chicken-stir-fry-3x4-186-b7f290a400134ae9910f2e67ff50d9f2.jpg' in '/home/kavia/workspace/code-generation/recipehub-106052-bbdaea69/frontend_app/src'

ERROR in ./src/App.js 32:17-68
Module not found: Error: Can't resolve './assets/20250704_094718_ratatouille.jpg' in '/home/kavia/workspace/code-generation/recipehub-106052-bbdaea69/frontend_app/src'

ERROR in ./src/App.js 33:20-118
Module not found: Error: Can't resolve './assets/20250704_094719_chickpea-curry-chhole-1x1-41ea4d53c7df4fddabd83caa5b57718e.jpg' in '/home/kavia/workspace/code-generation/recipehub-106052-bbdaea69/frontend_app/src'

ERROR in ./src/App.js 34:19-143
Module not found: Error: Can't resolve './assets/20250704_094720_FAW-recipes-pasta-sausage-basil-and-mustard-hero-06-cfd1c0a2989e474ea7e574a38182bbee.jpg' in '/home/kavia/workspace/code-generation/recipehub-106052-bbdaea69/frontend_app/src'

ERROR in ./src/App.js 35:21-107
Module not found: Error: Can't resolve './assets/20250704_094721_chorizo-mozarella-gnocchi-bake-cropped-9ab73a3.jpg' in '/home/kavia/workspace/code-generation/recipehub-106052-bbdaea69/frontend_app/src'

ERROR in ./src/App.js 36:27-88
Module not found: Error: Can't resolve './assets/20250704_094721_Berry_Smoothie_Bowl_2.jpg' in '/home/kavia/workspace/code-generation/recipehub-106052-bbdaea69/frontend_app/src'

ERROR in ./src/App.js 37:22-78
Module not found: Error: Can't resolve './assets/20250704_094722_Vegetarian_Pizza.jpg' in '/home/kavia/workspace/code-generation/recipehub-106052-bbdaea69/frontend_app/src'

ERROR in ./src/App.js 38:21-76
Module not found: Error: Can't resolve './assets/20250704_094722_Salmon_Teriyaki.jpg' in '/home/kavia/workspace/code-generation/recipehub-106052-bbdaea69/frontend_app/src'

ERROR in ./src/App.js 39:25-84
Module not found: Error: Can't resolve './assets/20250704_094723_Berry_Smoothie_Bowl.jpg' in '/home/kavia/workspace/code-generation/recipehub-106052-bbdaea69/frontend_app/src'

ERROR in ./src/App.js 40:21-76
Module not found: Error: Can't resolve './assets/20250704_094724_Vegetable_Curry.jpg' in '/home/kavia/workspace/code-generation/recipehub-106052-bbdaea69/frontend_app/src'

ERROR in ./src/App.js 41:22-78
Module not found: Error: Can't resolve './assets/20250704_094724_Margherita_Pizza.jpg' in '/home/kavia/workspace/code-generation/recipehub-106052-bbdaea69/frontend_app/src'

ERROR in ./src/App.js 42:20-74
Module not found: Error: Can't resolve './assets/20250704_094725_Chocolate_Cake.jpg' in '/home/kavia/workspace/code-generation/recipehub-106052-bbdaea69/frontend_app/src'

ERROR in ./src/App.js 43:22-78
Module not found: Error: Can't resolve './assets/20250704_094726_Chicken_Stir_Fry.jpg' in '/home/kavia/workspace/code-generation/recipehub-106052-bbdaea69/frontend_app/src'

ERROR in ./src/App.js 44:25-84
Module not found: Error: Can't resolve './assets/20250704_094726_Spaghetti_Carbonara.jpg' in '/home/kavia/workspace/code-generation/recipehub-106052-bbdaea69/frontend_app/src'

webpack compiled with 18 errors
Compiling...
Failed to compile.

Module not found: Error: Can't resolve './assets/20250704_094715_photo-1490645935967-10de6ba17061.jpeg' in '/home/kavia/workspace/code-generation/recipehub-106052-bbdaea69/frontend_app/src'
ERROR in ./src/App.js 28:24-97
Module not found: Error: Can't resolve './assets/20250704_094715_photo-1490645935967-10de6ba17061.jpeg' in '/home/kavia/workspace/code-generation/recipehub-106052-bbdaea69/frontend_app/src'

ERROR in ./src/App.js 29:16-74
Module not found: Error: Can't resolve './assets/20250704_094716_Fish-Tacos-1337495.jpg' in '/home/kavia/workspace/code-generation/recipehub-106052-bbdaea69/frontend_app/src'

ERROR in ./src/App.js 30:17-138
Module not found: Error: Can't resolve './assets/20250704_094717_Simply-Recipes-Homemade-Pizza-Dough-Lead-Shot-1c-c2b1885d27d4481c9cfe6f6286a64342.jpg' in '/home/kavia/workspace/code-generation/recipehub-106052-bbdaea69/frontend_app/src'

ERROR in ./src/App.js 31:26-148
Module not found: Error: Can't resolve './assets/20250704_094718_2400-240708-broccoli-and-chicken-stir-fry-3x4-186-b7f290a400134ae9910f2e67ff50d9f2.jpg' in '/home/kavia/workspace/code-generation/recipehub-106052-bbdaea69/frontend_app/src'

ERROR in ./src/App.js 32:17-68
Module not found: Error: Can't resolve './assets/20250704_094718_ratatouille.jpg' in '/home/kavia/workspace/code-generation/recipehub-106052-bbdaea69/frontend_app/src'

ERROR in ./src/App.js 33:20-118
Module not found: Error: Can't resolve './assets/20250704_094719_chickpea-curry-chhole-1x1-41ea4d53c7df4fddabd83caa5b57718e.jpg' in '/home/kavia/workspace/code-generation/recipehub-106052-bbdaea69/frontend_app/src'

ERROR in ./src/App.js 34:19-143
Module not found: Error: Can't resolve './assets/20250704_094720_FAW-recipes-pasta-sausage-basil-and-mustard-hero-06-cfd1c0a2989e474ea7e574a38182bbee.jpg' in '/home/kavia/workspace/code-generation/recipehub-106052-bbdaea69/frontend_app/src'

ERROR in ./src/App.js 35:21-107
Module not found: Error: Can't resolve './assets/20250704_094721_chorizo-mozarella-gnocchi-bake-cropped-9ab73a3.jpg' in '/home/kavia/workspace/code-generation/recipehub-106052-bbdaea69/frontend_app/src'

ERROR in ./src/App.js 36:27-88
Module not found: Error: Can't resolve './assets/20250704_094721_Berry_Smoothie_Bowl_2.jpg' in '/home/kavia/workspace/code-generation/recipehub-106052-bbdaea69/frontend_app/src'

ERROR in ./src/App.js 37:22-78
Module not found: Error: Can't resolve './assets/20250704_094722_Vegetarian_Pizza.jpg' in '/home/kavia/workspace/code-generation/recipehub-106052-bbdaea69/frontend_app/src'

ERROR in ./src/App.js 38:21-76
Module not found: Error: Can't resolve './assets/20250704_094722_Salmon_Teriyaki.jpg' in '/home/kavia/workspace/code-generation/recipehub-106052-bbdaea69/frontend_app/src'

ERROR in ./src/App.js 39:25-84
Module not found: Error: Can't resolve './assets/20250704_094723_Berry_Smoothie_Bowl.jpg' in '/home/kavia/workspace/code-generation/recipehub-106052-bbdaea69/frontend_app/src'

ERROR in ./src/App.js 40:21-76
Module not found: Error: Can't resolve './assets/20250704_094724_Vegetable_Curry.jpg' in '/home/kavia/workspace/code-generation/recipehub-106052-bbdaea69/frontend_app/src'

ERROR in ./src/App.js 41:22-78
Module not found: Error: Can't resolve './assets/20250704_094724_Margherita_Pizza.jpg' in '/home/kavia/workspace/code-generation/recipehub-106052-bbdaea69/frontend_app/src'

ERROR in ./src/App.js 42:20-74
Module not found: Error: Can't resolve './assets/20250704_094725_Chocolate_Cake.jpg' in '/home/kavia/workspace/code-generation/recipehub-106052-bbdaea69/frontend_app/src'

ERROR in ./src/App.js 43:22-78
Module not found: Error: Can't resolve './assets/20250704_094726_Chicken_Stir_Fry.jpg' in '/home/kavia/workspace/code-generation/recipehub-106052-bbdaea69/frontend_app/src'

ERROR in ./src/App.js 44:25-84
Module not found: Error: Can't resolve './assets/20250704_094726_Spaghetti_Carbonara.jpg' in '/home/kavia/workspace/code-generation/recipehub-106052-bbdaea69/frontend_app/src'

webpack compiled with 17 errors
Compiling...
Failed to compile.

Module not found: Error: Can't resolve './assets/20250704_094718_2400-240708-broccoli-and-chicken-stir-fry-3x4-186-b7f290a400134ae9910f2e67ff50d9f2.jpg' in '/home/kavia/workspace/code-generation/recipehub-106052-bbdaea69/frontend_app/src'
ERROR in ./src/App.js 31:26-148
Module not found: Error: Can't resolve './assets/20250704_094718_2400-240708-broccoli-and-chicken-stir-fry-3x4-186-b7f290a400134ae9910f2e67ff50d9f2.jpg' in '/home/kavia/workspace/code-generation/recipehub-106052-bbdaea69/frontend_app/src'

ERROR in ./src/App.js 32:17-68
Module not found: Error: Can't resolve './assets/20250704_094718_ratatouille.jpg' in '/home/kavia/workspace/code-generation/recipehub-106052-bbdaea69/frontend_app/src'

ERROR in ./src/App.js 33:20-118
Module not found: Error: Can't resolve './assets/20250704_094719_chickpea-curry-chhole-1x1-41ea4d53c7df4fddabd83caa5b57718e.jpg' in '/home/kavia/workspace/code-generation/recipehub-106052-bbdaea69/frontend_app/src'

ERROR in ./src/App.js 34:19-143
Module not found: Error: Can't resolve './assets/20250704_094720_FAW-recipes-pasta-sausage-basil-and-mustard-hero-06-cfd1c0a2989e474ea7e574a38182bbee.jpg' in '/home/kavia/workspace/code-generation/recipehub-106052-bbdaea69/frontend_app/src'

ERROR in ./src/App.js 35:21-107
Module not found: Error: Can't resolve './assets/20250704_094721_chorizo-mozarella-gnocchi-bake-cropped-9ab73a3.jpg' in '/home/kavia/workspace/code-generation/recipehub-106052-bbdaea69/frontend_app/src'

ERROR in ./src/App.js 36:27-88
Module not found: Error: Can't resolve './assets/20250704_094721_Berry_Smoothie_Bowl_2.jpg' in '/home/kavia/workspace/code-generation/recipehub-106052-bbdaea69/frontend_app/src'

ERROR in ./src/App.js 37:22-78
Module not found: Error: Can't resolve './assets/20250704_094722_Vegetarian_Pizza.jpg' in '/home/kavia/workspace/code-generation/recipehub-106052-bbdaea69/frontend_app/src'

ERROR in ./src/App.js 38:21-76
Module not found: Error: Can't resolve './assets/20250704_094722_Salmon_Teriyaki.jpg' in '/home/kavia/workspace/code-generation/recipehub-106052-bbdaea69/frontend_app/src'

ERROR in ./src/App.js 39:25-84
Module not found: Error: Can't resolve './assets/20250704_094723_Berry_Smoothie_Bowl.jpg' in '/home/kavia/workspace/code-generation/recipehub-106052-bbdaea69/frontend_app/src'

ERROR in ./src/App.js 40:21-76
Module not found: Error: Can't resolve './assets/20250704_094724_Vegetable_Curry.jpg' in '/home/kavia/workspace/code-generation/recipehub-106052-bbdaea69/frontend_app/src'

ERROR in ./src/App.js 41:22-78
Module not found: Error: Can't resolve './assets/20250704_094724_Margherita_Pizza.jpg' in '/home/kavia/workspace/code-generation/recipehub-106052-bbdaea69/frontend_app/src'

ERROR in ./src/App.js 42:20-74
Module not found: Error: Can't resolve './assets/20250704_094725_Chocolate_Cake.jpg' in '/home/kavia/workspace/code-generation/recipehub-106052-bbdaea69/frontend_app/src'

ERROR in ./src/App.js 43:22-78
Module not found: Error: Can't resolve './assets/20250704_094726_Chicken_Stir_Fry.jpg' in '/home/kavia/workspace/code-generation/recipehub-106052-bbdaea69/frontend_app/src'

ERROR in ./src/App.js 44:25-84
Module not found: Error: Can't resolve './assets/20250704_094726_Spaghetti_Carbonara.jpg' in '/home/kavia/workspace/code-generation/recipehub-106052-bbdaea69/frontend_app/src'

webpack compiled with 14 errors
Compiling...
Failed to compile.

Module not found: Error: Can't resolve './assets/20250704_094718_ratatouille.jpg' in '/home/kavia/workspace/code-generation/recipehub-106052-bbdaea69/frontend_app/src'
ERROR in ./src/App.js 32:17-68
Module not found: Error: Can't resolve './assets/20250704_094718_ratatouille.jpg' in '/home/kavia/workspace/code-generation/recipehub-106052-bbdaea69/frontend_app/src'

ERROR in ./src/App.js 33:20-118
Module not found: Error: Can't resolve './assets/20250704_094719_chickpea-curry-chhole-1x1-41ea4d53c7df4fddabd83caa5b57718e.jpg' in '/home/kavia/workspace/code-generation/recipehub-106052-bbdaea69/frontend_app/src'

ERROR in ./src/App.js 34:19-143
Module not found: Error: Can't resolve './assets/20250704_094720_FAW-recipes-pasta-sausage-basil-and-mustard-hero-06-cfd1c0a2989e474ea7e574a38182bbee.jpg' in '/home/kavia/workspace/code-generation/recipehub-106052-bbdaea69/frontend_app/src'

ERROR in ./src/App.js 35:21-107
Module not found: Error: Can't resolve './assets/20250704_094721_chorizo-mozarella-gnocchi-bake-cropped-9ab73a3.jpg' in '/home/kavia/workspace/code-generation/recipehub-106052-bbdaea69/frontend_app/src'

ERROR in ./src/App.js 36:27-88
Module not found: Error: Can't resolve './assets/20250704_094721_Berry_Smoothie_Bowl_2.jpg' in '/home/kavia/workspace/code-generation/recipehub-106052-bbdaea69/frontend_app/src'

ERROR in ./src/App.js 37:22-78
Module not found: Error: Can't resolve './assets/20250704_094722_Vegetarian_Pizza.jpg' in '/home/kavia/workspace/code-generation/recipehub-106052-bbdaea69/frontend_app/src'

ERROR in ./src/App.js 38:21-76
Module not found: Error: Can't resolve './assets/20250704_094722_Salmon_Teriyaki.jpg' in '/home/kavia/workspace/code-generation/recipehub-106052-bbdaea69/frontend_app/src'

ERROR in ./src/App.js 39:25-84
Module not found: Error: Can't resolve './assets/20250704_094723_Berry_Smoothie_Bowl.jpg' in '/home/kavia/workspace/code-generation/recipehub-106052-bbdaea69/frontend_app/src'

ERROR in ./src/App.js 40:21-76
Module not found: Error: Can't resolve './assets/20250704_094724_Vegetable_Curry.jpg' in '/home/kavia/workspace/code-generation/recipehub-106052-bbdaea69/frontend_app/src'

ERROR in ./src/App.js 41:22-78
Module not found: Error: Can't resolve './assets/20250704_094724_Margherita_Pizza.jpg' in '/home/kavia/workspace/code-generation/recipehub-106052-bbdaea69/frontend_app/src'

ERROR in ./src/App.js 42:20-74
Module not found: Error: Can't resolve './assets/20250704_094725_Chocolate_Cake.jpg' in '/home/kavia/workspace/code-generation/recipehub-106052-bbdaea69/frontend_app/src'

ERROR in ./src/App.js 43:22-78
Module not found: Error: Can't resolve './assets/20250704_094726_Chicken_Stir_Fry.jpg' in '/home/kavia/workspace/code-generation/recipehub-106052-bbdaea69/frontend_app/src'

ERROR in ./src/App.js 44:25-84
Module not found: Error: Can't resolve './assets/20250704_094726_Spaghetti_Carbonara.jpg' in '/home/kavia/workspace/code-generation/recipehub-106052-bbdaea69/frontend_app/src'

webpack compiled with 13 errors
Compiling...
Failed to compile.

Module not found: Error: Can't resolve './assets/20250704_094720_FAW-recipes-pasta-sausage-basil-and-mustard-hero-06-cfd1c0a2989e474ea7e574a38182bbee.jpg' in '/home/kavia/workspace/code-generation/recipehub-106052-bbdaea69/frontend_app/src'
ERROR in ./src/App.js 34:19-143
Module not found: Error: Can't resolve './assets/20250704_094720_FAW-recipes-pasta-sausage-basil-and-mustard-hero-06-cfd1c0a2989e474ea7e574a38182bbee.jpg' in '/home/kavia/workspace/code-generation/recipehub-106052-bbdaea69/frontend_app/src'

ERROR in ./src/App.js 35:21-107
Module not found: Error: Can't resolve './assets/20250704_094721_chorizo-mozarella-gnocchi-bake-cropped-9ab73a3.jpg' in '/home/kavia/workspace/code-generation/recipehub-106052-bbdaea69/frontend_app/src'

ERROR in ./src/App.js 36:27-88
Module not found: Error: Can't resolve './assets/20250704_094721_Berry_Smoothie_Bowl_2.jpg' in '/home/kavia/workspace/code-generation/recipehub-106052-bbdaea69/frontend_app/src'

ERROR in ./src/App.js 37:22-78
Module not found: Error: Can't resolve './assets/20250704_094722_Vegetarian_Pizza.jpg' in '/home/kavia/workspace/code-generation/recipehub-106052-bbdaea69/frontend_app/src'

ERROR in ./src/App.js 38:21-76
Module not found: Error: Can't resolve './assets/20250704_094722_Salmon_Teriyaki.jpg' in '/home/kavia/workspace/code-generation/recipehub-106052-bbdaea69/frontend_app/src'

ERROR in ./src/App.js 39:25-84
Module not found: Error: Can't resolve './assets/20250704_094723_Berry_Smoothie_Bowl.jpg' in '/home/kavia/workspace/code-generation/recipehub-106052-bbdaea69/frontend_app/src'

ERROR in ./src/App.js 40:21-76
Module not found: Error: Can't resolve './assets/20250704_094724_Vegetable_Curry.jpg' in '/home/kavia/workspace/code-generation/recipehub-106052-bbdaea69/frontend_app/src'

ERROR in ./src/App.js 41:22-78
Module not found: Error: Can't resolve './assets/20250704_094724_Margherita_Pizza.jpg' in '/home/kavia/workspace/code-generation/recipehub-106052-bbdaea69/frontend_app/src'

ERROR in ./src/App.js 42:20-74
Module not found: Error: Can't resolve './assets/20250704_094725_Chocolate_Cake.jpg' in '/home/kavia/workspace/code-generation/recipehub-106052-bbdaea69/frontend_app/src'

ERROR in ./src/App.js 43:22-78
Module not found: Error: Can't resolve './assets/20250704_094726_Chicken_Stir_Fry.jpg' in '/home/kavia/workspace/code-generation/recipehub-106052-bbdaea69/frontend_app/src'

ERROR in ./src/App.js 44:25-84
Module not found: Error: Can't resolve './assets/20250704_094726_Spaghetti_Carbonara.jpg' in '/home/kavia/workspace/code-generation/recipehub-106052-bbdaea69/frontend_app/src'

webpack compiled with 11 errors
Compiling...
Failed to compile.

Module not found: Error: Can't resolve './assets/20250704_094721_chorizo-mozarella-gnocchi-bake-cropped-9ab73a3.jpg' in '/home/kavia/workspace/code-generation/recipehub-106052-bbdaea69/frontend_app/src'
ERROR in ./src/App.js 35:21-107
Module not found: Error: Can't resolve './assets/20250704_094721_chorizo-mozarella-gnocchi-bake-cropped-9ab73a3.jpg' in '/home/kavia/workspace/code-generation/recipehub-106052-bbdaea69/frontend_app/src'

ERROR in ./src/App.js 36:27-88
Module not found: Error: Can't resolve './assets/20250704_094721_Berry_Smoothie_Bowl_2.jpg' in '/home/kavia/workspace/code-generation/recipehub-106052-bbdaea69/frontend_app/src'

ERROR in ./src/App.js 37:22-78
Module not found: Error: Can't resolve './assets/20250704_094722_Vegetarian_Pizza.jpg' in '/home/kavia/workspace/code-generation/recipehub-106052-bbdaea69/frontend_app/src'

ERROR in ./src/App.js 38:21-76
Module not found: Error: Can't resolve './assets/20250704_094722_Salmon_Teriyaki.jpg' in '/home/kavia/workspace/code-generation/recipehub-106052-bbdaea69/frontend_app/src'

ERROR in ./src/App.js 39:25-84
Module not found: Error: Can't resolve './assets/20250704_094723_Berry_Smoothie_Bowl.jpg' in '/home/kavia/workspace/code-generation/recipehub-106052-bbdaea69/frontend_app/src'

ERROR in ./src/App.js 40:21-76
Module not found: Error: Can't resolve './assets/20250704_094724_Vegetable_Curry.jpg' in '/home/kavia/workspace/code-generation/recipehub-106052-bbdaea69/frontend_app/src'

ERROR in ./src/App.js 41:22-78
Module not found: Error: Can't resolve './assets/20250704_094724_Margherita_Pizza.jpg' in '/home/kavia/workspace/code-generation/recipehub-106052-bbdaea69/frontend_app/src'

ERROR in ./src/App.js 42:20-74
Module not found: Error: Can't resolve './assets/20250704_094725_Chocolate_Cake.jpg' in '/home/kavia/workspace/code-generation/recipehub-106052-bbdaea69/frontend_app/src'

ERROR in ./src/App.js 43:22-78
Module not found: Error: Can't resolve './assets/20250704_094726_Chicken_Stir_Fry.jpg' in '/home/kavia/workspace/code-generation/recipehub-106052-bbdaea69/frontend_app/src'

ERROR in ./src/App.js 44:25-84
Module not found: Error: Can't resolve './assets/20250704_094726_Spaghetti_Carbonara.jpg' in '/home/kavia/workspace/code-generation/recipehub-106052-bbdaea69/frontend_app/src'

webpack compiled with 10 errors
Compiling...
Failed to compile.

Module not found: Error: Can't resolve './assets/20250704_094721_Berry_Smoothie_Bowl_2.jpg' in '/home/kavia/workspace/code-generation/recipehub-106052-bbdaea69/frontend_app/src'
ERROR in ./src/App.js 36:27-88
Module not found: Error: Can't resolve './assets/20250704_094721_Berry_Smoothie_Bowl_2.jpg' in '/home/kavia/workspace/code-generation/recipehub-106052-bbdaea69/frontend_app/src'

ERROR in ./src/App.js 37:22-78
Module not found: Error: Can't resolve './assets/20250704_094722_Vegetarian_Pizza.jpg' in '/home/kavia/workspace/code-generation/recipehub-106052-bbdaea69/frontend_app/src'

ERROR in ./src/App.js 38:21-76
Module not found: Error: Can't resolve './assets/20250704_094722_Salmon_Teriyaki.jpg' in '/home/kavia/workspace/code-generation/recipehub-106052-bbdaea69/frontend_app/src'

ERROR in ./src/App.js 39:25-84
Module not found: Error: Can't resolve './assets/20250704_094723_Berry_Smoothie_Bowl.jpg' in '/home/kavia/workspace/code-generation/recipehub-106052-bbdaea69/frontend_app/src'

ERROR in ./src/App.js 40:21-76
Module not found: Error: Can't resolve './assets/20250704_094724_Vegetable_Curry.jpg' in '/home/kavia/workspace/code-generation/recipehub-106052-bbdaea69/frontend_app/src'

ERROR in ./src/App.js 41:22-78
Module not found: Error: Can't resolve './assets/20250704_094724_Margherita_Pizza.jpg' in '/home/kavia/workspace/code-generation/recipehub-106052-bbdaea69/frontend_app/src'

ERROR in ./src/App.js 42:20-74
Module not found: Error: Can't resolve './assets/20250704_094725_Chocolate_Cake.jpg' in '/home/kavia/workspace/code-generation/recipehub-106052-bbdaea69/frontend_app/src'

ERROR in ./src/App.js 43:22-78
Module not found: Error: Can't resolve './assets/20250704_094726_Chicken_Stir_Fry.jpg' in '/home/kavia/workspace/code-generation/recipehub-106052-bbdaea69/frontend_app/src'

ERROR in ./src/App.js 44:25-84
Module not found: Error: Can't resolve './assets/20250704_094726_Spaghetti_Carbonara.jpg' in '/home/kavia/workspace/code-generation/recipehub-106052-bbdaea69/frontend_app/src'

webpack compiled with 9 errors
Compiling...
Failed to compile.

Module not found: Error: Can't resolve './assets/20250704_094722_Salmon_Teriyaki.jpg' in '/home/kavia/workspace/code-generation/recipehub-106052-bbdaea69/frontend_app/src'
ERROR in ./src/App.js 38:21-76
Module not found: Error: Can't resolve './assets/20250704_094722_Salmon_Teriyaki.jpg' in '/home/kavia/workspace/code-generation/recipehub-106052-bbdaea69/frontend_app/src'

ERROR in ./src/App.js 39:25-84
Module not found: Error: Can't resolve './assets/20250704_094723_Berry_Smoothie_Bowl.jpg' in '/home/kavia/workspace/code-generation/recipehub-106052-bbdaea69/frontend_app/src'

ERROR in ./src/App.js 40:21-76
Module not found: Error: Can't resolve './assets/20250704_094724_Vegetable_Curry.jpg' in '/home/kavia/workspace/code-generation/recipehub-106052-bbdaea69/frontend_app/src'

ERROR in ./src/App.js 41:22-78
Module not found: Error: Can't resolve './assets/20250704_094724_Margherita_Pizza.jpg' in '/home/kavia/workspace/code-generation/recipehub-106052-bbdaea69/frontend_app/src'

ERROR in ./src/App.js 42:20-74
Module not found: Error: Can't resolve './assets/20250704_094725_Chocolate_Cake.jpg' in '/home/kavia/workspace/code-generation/recipehub-106052-bbdaea69/frontend_app/src'

ERROR in ./src/App.js 43:22-78
Module not found: Error: Can't resolve './assets/20250704_094726_Chicken_Stir_Fry.jpg' in '/home/kavia/workspace/code-generation/recipehub-106052-bbdaea69/frontend_app/src'

ERROR in ./src/App.js 44:25-84
Module not found: Error: Can't resolve './assets/20250704_094726_Spaghetti_Carbonara.jpg' in '/home/kavia/workspace/code-generation/recipehub-106052-bbdaea69/frontend_app/src'

webpack compiled with 7 errors
Compiling...
Failed to compile.

Module not found: Error: Can't resolve './assets/20250704_094723_Berry_Smoothie_Bowl.jpg' in '/home/kavia/workspace/code-generation/recipehub-106052-bbdaea69/frontend_app/src'
ERROR in ./src/App.js 39:25-84
Module not found: Error: Can't resolve './assets/20250704_094723_Berry_Smoothie_Bowl.jpg' in '/home/kavia/workspace/code-generation/recipehub-106052-bbdaea69/frontend_app/src'

ERROR in ./src/App.js 40:21-76
Module not found: Error: Can't resolve './assets/20250704_094724_Vegetable_Curry.jpg' in '/home/kavia/workspace/code-generation/recipehub-106052-bbdaea69/frontend_app/src'

ERROR in ./src/App.js 41:22-78
Module not found: Error: Can't resolve './assets/20250704_094724_Margherita_Pizza.jpg' in '/home/kavia/workspace/code-generation/recipehub-106052-bbdaea69/frontend_app/src'

ERROR in ./src/App.js 42:20-74
Module not found: Error: Can't resolve './assets/20250704_094725_Chocolate_Cake.jpg' in '/home/kavia/workspace/code-generation/recipehub-106052-bbdaea69/frontend_app/src'

ERROR in ./src/App.js 43:22-78
Module not found: Error: Can't resolve './assets/20250704_094726_Chicken_Stir_Fry.jpg' in '/home/kavia/workspace/code-generation/recipehub-106052-bbdaea69/frontend_app/src'

ERROR in ./src/App.js 44:25-84
Module not found: Error: Can't resolve './assets/20250704_094726_Spaghetti_Carbonara.jpg' in '/home/kavia/workspace/code-generation/recipehub-106052-bbdaea69/frontend_app/src'

webpack compiled with 6 errors
Compiling...
Failed to compile.

Module not found: Error: Can't resolve './assets/20250704_094724_Vegetable_Curry.jpg' in '/home/kavia/workspace/code-generation/recipehub-106052-bbdaea69/frontend_app/src'
ERROR in ./src/App.js 40:21-76
Module not found: Error: Can't resolve './assets/20250704_094724_Vegetable_Curry.jpg' in '/home/kavia/workspace/code-generation/recipehub-106052-bbdaea69/frontend_app/src'

ERROR in ./src/App.js 41:22-78
Module not found: Error: Can't resolve './assets/20250704_094724_Margherita_Pizza.jpg' in '/home/kavia/workspace/code-generation/recipehub-106052-bbdaea69/frontend_app/src'

ERROR in ./src/App.js 42:20-74
Module not found: Error: Can't resolve './assets/20250704_094725_Chocolate_Cake.jpg' in '/home/kavia/workspace/code-generation/recipehub-106052-bbdaea69/frontend_app/src'

ERROR in ./src/App.js 43:22-78
Module not found: Error: Can't resolve './assets/20250704_094726_Chicken_Stir_Fry.jpg' in '/home/kavia/workspace/code-generation/recipehub-106052-bbdaea69/frontend_app/src'

ERROR in ./src/App.js 44:25-84
Module not found: Error: Can't resolve './assets/20250704_094726_Spaghetti_Carbonara.jpg' in '/home/kavia/workspace/code-generation/recipehub-106052-bbdaea69/frontend_app/src'

webpack compiled with 5 errors
Compiling...
Failed to compile.

Module not found: Error: Can't resolve './assets/20250704_094725_Chocolate_Cake.jpg' in '/home/kavia/workspace/code-generation/recipehub-106052-bbdaea69/frontend_app/src'
ERROR in ./src/App.js 42:20-74
Module not found: Error: Can't resolve './assets/20250704_094725_Chocolate_Cake.jpg' in '/home/kavia/workspace/code-generation/recipehub-106052-bbdaea69/frontend_app/src'

ERROR in ./src/App.js 43:22-78
Module not found: Error: Can't resolve './assets/20250704_094726_Chicken_Stir_Fry.jpg' in '/home/kavia/workspace/code-generation/recipehub-106052-bbdaea69/frontend_app/src'

ERROR in ./src/App.js 44:25-84
Module not found: Error: Can't resolve './assets/20250704_094726_Spaghetti_Carbonara.jpg' in '/home/kavia/workspace/code-generation/recipehub-106052-bbdaea69/frontend_app/src'

webpack compiled with 3 errors
Compiling...
Failed to compile.

Module not found: Error: Can't resolve './assets/20250704_094726_Chicken_Stir_Fry.jpg' in '/home/kavia/workspace/code-generation/recipehub-106052-bbdaea69/frontend_app/src'
ERROR in ./src/App.js 43:22-78
Module not found: Error: Can't resolve './assets/20250704_094726_Chicken_Stir_Fry.jpg' in '/home/kavia/workspace/code-generation/recipehub-106052-bbdaea69/frontend_app/src'

ERROR in ./src/App.js 44:25-84
Module not found: Error: Can't resolve './assets/20250704_094726_Spaghetti_Carbonara.jpg' in '/home/kavia/workspace/code-generation/recipehub-106052-bbdaea69/frontend_app/src'

webpack compiled with 2 errors
Compiling...
Failed to compile.

Module not found: Error: Can't resolve './assets/20250704_094726_Spaghetti_Carbonara.jpg' in '/home/kavia/workspace/code-generation/recipehub-106052-bbdaea69/frontend_app/src'
ERROR in ./src/App.js 44:25-84
Module not found: Error: Can't resolve './assets/20250704_094726_Spaghetti_Carbonara.jpg' in '/home/kavia/workspace/code-generation/recipehub-106052-bbdaea69/frontend_app/src'

webpack compiled with 1 error
Compiling...
Compiled successfully!
webpack compiled successfully
